
> venshield@0.1.0 test:coverage
> vitest run --coverage tests/unit/actions/ --reporter=verbose


[1m[46m RUN [49m[22m [36mv4.1.2 [39m[90mC:/Users/phams/Documents/Test/assessly[39m
      [2mCoverage enabled with [22m[33mv8[39m

 [32mÔ£ô[39m tests/unit/actions/iam-action.test.ts[2m > [22miam actions[2m > [22mupdateUserRole[2m > [22mthrows SELF_ROLE_CHANGE_FORBIDDEN when targeting own userId[32m 3[2mms[22m[39m
 [32mÔ£ô[39m tests/unit/actions/iam-action.test.ts[2m > [22miam actions[2m > [22mupdateUserRole[2m > [22mthrows MISSING_COMPANY_CONTEXT when session has no companyId[32m 0[2mms[22m[39m
 [31m├ù[39m tests/unit/actions/iam-action.test.ts[2m > [22miam actions[2m > [22mupdateUserRole[2m > [22mupdates role and calls logAuditEvent[32m 4[2mms[22m[39m
[31m   ÔåÆ AuditLogger.accessControl is not a function[39m
 [31m├ù[39m tests/unit/actions/iam-action.test.ts[2m > [22miam actions[2m > [22mupdateUserRole[2m > [22mcalls revalidatePath('/dashboard/users') on success[32m 1[2mms[22m[39m
[31m   ÔåÆ AuditLogger.accessControl is not a function[39m
 [32mÔ£ô[39m tests/unit/actions/iam-action.test.ts[2m > [22miam actions[2m > [22mupdateUserRole[2m > [22mpropagates when requireAdminUser rejects[32m 0[2mms[22m[39m
 [31m├ù[39m tests/unit/actions/iam-action.test.ts[2m > [22miam actions[2m > [22mcreateInternalUser[2m > [22mthrows EMAIL_ALREADY_EXISTS when user has passwordHash (active user)[32m 3[2mms[22m[39m
[31m   ÔåÆ expected [Function] to throw error including 'EMAIL_ALREADY_EXISTS' but got 'email.trim is not a function'[39m
 [31m├ù[39m tests/unit/actions/iam-action.test.ts[2m > [22miam actions[2m > [22mcreateInternalUser[2m > [22mcreates new user with hashed invite token (not plaintext)[32m 0[2mms[22m[39m
[31m   ÔåÆ email.trim is not a function[39m
 [31m├ù[39m tests/unit/actions/iam-action.test.ts[2m > [22miam actions[2m > [22mcreateInternalUser[2m > [22mregenerates invite for existing unactivated user (no passwordHash)[32m 0[2mms[22m[39m
[31m   ÔåÆ email.trim is not a function[39m
 [31m├ù[39m tests/unit/actions/iam-action.test.ts[2m > [22miam actions[2m > [22mcreateInternalUser[2m > [22mcalls sendMail with invite URL containing plaintext token[32m 0[2mms[22m[39m
[31m   ÔåÆ email.trim is not a function[39m
 [31m├ù[39m tests/unit/actions/iam-action.test.ts[2m > [22miam actions[2m > [22mcreateInternalUser[2m > [22mthrows MAIL_DELIVERY_FAILED when sendMail returns ok: false[32m 1[2mms[22m[39m
[31m   ÔåÆ expected [Function] to throw error including 'MAIL_DELIVERY_FAILED' but got 'email.trim is not a function'[39m
 [31m├ù[39m tests/unit/actions/iam-action.test.ts[2m > [22miam actions[2m > [22mcreateInternalUser[2m > [22mnormalizes email to lowercase[32m 0[2mms[22m[39m
[31m   ÔåÆ email.trim is not a function[39m
 [32mÔ£ô[39m tests/unit/actions/iam-action.test.ts[2m > [22miam actions[2m > [22mdeleteUser[2m > [22mthrows SELF_DELETE_FORBIDDEN when targeting own userId[32m 0[2mms[22m[39m
 [31m├ù[39m tests/unit/actions/iam-action.test.ts[2m > [22miam actions[2m > [22mdeleteUser[2m > [22manonymizes email and deactivates user, revokes sessions[32m 0[2mms[22m[39m
[31m   ÔåÆ AuditLogger.accessControl is not a function[39m
 [31m├ù[39m tests/unit/actions/iam-action.test.ts[2m > [22miam actions[2m > [22mdeleteUser[2m > [22mcalls logAuditEvent with USER_DELETED action[32m 0[2mms[22m[39m
[31m   ÔåÆ AuditLogger.accessControl is not a function[39m
 [32mÔ£ô[39m tests/unit/actions/mfa-server-action.test.ts[2m > [22mmfa server actions[2m > [22mgenerateMfaSecret[2m > [22mthrows when requireAuthSession rejects[32m 3[2mms[22m[39m
 [31m├ù[39m tests/unit/actions/mfa-server-action.test.ts[2m > [22mmfa server actions[2m > [22mgenerateMfaSecret[2m > [22mgenerates and stores encrypted TOTP secret, returns { uri, secret }[32m 6[2mms[22m[39m
[31m   ÔåÆ expected "vi.fn()" to be called with arguments: [ ObjectContaining{ÔÇª} ][90m

Received:

[1m  1st vi.fn() call:

[22m[2m  [[22m
[32m-   ObjectContaining {[90m
[31m+   {[90m
[2m      "data": {[22m
[2m        "mfaSecret": "encrypted-secret",[22m
[2m      },[22m
[2m      "where": {[22m
[32m-       "id": "u1",[90m
[31m+       "id": undefined,[90m
[2m      },[22m
[2m    },[22m
[2m  ][22m
[31m[90m

Number of calls: [1m1[22m
[31m[39m
 [31m├ù[39m tests/unit/actions/mfa-server-action.test.ts[2m > [22mmfa server actions[2m > [22mverifyAndEnableMfa[2m > [22mthrows NO_MFA_SECRET when user has no mfaSecret[32m 2[2mms[22m[39m
[31m   ÔåÆ expected [Function] to throw error including 'NO_MFA_SECRET' but got 'Cannot read properties of undefined (ÔÇª'[39m
 [31m├ù[39m tests/unit/actions/mfa-server-action.test.ts[2m > [22mmfa server actions[2m > [22mverifyAndEnableMfa[2m > [22mthrows INVALID_MFA_TOKEN when verifyTotpToken returns false[32m 1[2mms[22m[39m
[31m   ÔåÆ expected [Function] to throw error including 'INVALID_MFA_TOKEN' but got 'Cannot read properties of undefined (ÔÇª'[39m
 [31m├ù[39m tests/unit/actions/mfa-server-action.test.ts[2m > [22mmfa server actions[2m > [22mverifyAndEnableMfa[2m > [22menables MFA, stores recovery codes, returns plaintext codes[32m 1[2mms[22m[39m
[31m   ÔåÆ Cannot read properties of undefined (reading 'mfaSecret')[39m
 [31m├ù[39m tests/unit/actions/mfa-server-action.test.ts[2m > [22mmfa server actions[2m > [22mverifyAndEnableMfa[2m > [22mthrows ALREADY_ENROLLED when updateMany count is 0 (concurrent enrollment)[32m 1[2mms[22m[39m
[31m   ÔåÆ expected [Function] to throw error including 'ALREADY_ENROLLED' but got 'Cannot read properties of undefined (ÔÇª'[39m
 [31m├ù[39m tests/unit/actions/mfa-server-action.test.ts[2m > [22mmfa server actions[2m > [22mdisableMfa[2m > [22mthrows MFA_NOT_ENABLED when user has mfaEnabled=false[32m 1[2mms[22m[39m
[31m   ÔåÆ expected [Function] to throw error including 'MFA_NOT_ENABLED' but got 'Cannot read properties of undefined (ÔÇª'[39m
 [31m├ù[39m tests/unit/actions/mfa-server-action.test.ts[2m > [22mmfa server actions[2m > [22mdisableMfa[2m > [22mthrows INVALID_MFA_TOKEN when verifyTotpToken returns false[32m 1[2mms[22m[39m
[31m   ÔåÆ expected [Function] to throw error including 'INVALID_MFA_TOKEN' but got 'Cannot read properties of undefined (ÔÇª'[39m
 [31m├ù[39m tests/unit/actions/mfa-server-action.test.ts[2m > [22mmfa server actions[2m > [22mdisableMfa[2m > [22mdisables MFA and returns { success: true }[32m 0[2mms[22m[39m
[31m   ÔåÆ Cannot read properties of undefined (reading 'mfaEnabled')[39m
 [32mÔ£ô[39m tests/unit/actions/mfa-server-action.test.ts[2m > [22mmfa server actions[2m > [22mregenerateRecoveryCodes[2m > [22mthrows MFA_NOT_ENABLED when user has no mfaEnabled[32m 0[2mms[22m[39m
 [32mÔ£ô[39m tests/unit/actions/mfa-server-action.test.ts[2m > [22mmfa server actions[2m > [22mregenerateRecoveryCodes[2m > [22mthrows INVALID_MFA_TOKEN on bad token[32m 0[2mms[22m[39m
 [31m├ù[39m tests/unit/actions/mfa-server-action.test.ts[2m > [22mmfa server actions[2m > [22mregenerateRecoveryCodes[2m > [22mregenerates codes and returns plaintext[32m 0[2mms[22m[39m
[31m   ÔåÆ Cannot read properties of undefined (reading 'length')[39m
 [32mÔ£ô[39m tests/unit/actions/mfa-server-action.test.ts[2m > [22mmfa server actions[2m > [22mgenerateMfaSecretForSetup[2m > [22mthrows SETUP_SESSION_EXPIRED when getMfaSetupPendingClaims returns null[32m 0[2mms[22m[39m
 [31m├ù[39m tests/unit/actions/mfa-server-action.test.ts[2m > [22mmfa server actions[2m > [22mgenerateMfaSecretForSetup[2m > [22mthrows USER_NOT_FOUND when user does not exist[32m 1[2mms[22m[39m
[31m   ÔåÆ promise resolved "{ ÔÇª(2) }" instead of rejecting[39m
 [31m├ù[39m tests/unit/actions/mfa-server-action.test.ts[2m > [22mmfa server actions[2m > [22mgenerateMfaSecretForSetup[2m > [22mreturns { uri, secret } for forced setup flow[32m 1[2mms[22m[39m
[31m   ÔåÆ expected "vi.fn()" to be called with arguments: [ ObjectContaining{ÔÇª} ][90m

Received:

[1m  1st vi.fn() call:

[22m[2m  [[22m
[32m-   ObjectContaining {[90m
[31m+   {[90m
[2m      "data": {[22m
[2m        "mfaSecret": "encrypted-secret",[22m
[2m      },[22m
[2m      "where": {[22m
[32m-       "id": "u1",[90m
[31m+       "id": undefined,[90m
[2m      },[22m
[2m    },[22m
[2m  ][22m
[31m[90m

Number of calls: [1m1[22m
[31m[39m
 [31m├ù[39m tests/unit/actions/mfa-server-action.test.ts[2m > [22mmfa server actions[2m > [22msetOrgMfaRequired[2m > [22mthrows ADMIN_MFA_NOT_ENROLLED when enabling org MFA and admin has no MFA[32m 1[2mms[22m[39m
[31m   ÔåÆ expected [Function] to throw error including 'ADMIN_MFA_NOT_ENROLLED' but got 'FORBIDDEN'[39m
 [32mÔ£ô[39m tests/unit/actions/internal-auth-action.test.ts[2m > [22minternal-auth actions[2m > [22mauthenticateInternalUser[2m > [22mreturns REQUIRED when email is empty[32m 17[2mms[22m[39m
 [32mÔ£ô[39m tests/unit/actions/internal-auth-action.test.ts[2m > [22minternal-auth actions[2m > [22mauthenticateInternalUser[2m > [22mreturns REQUIRED when password is empty[32m 0[2mms[22m[39m
 [32mÔ£ô[39m tests/unit/actions/internal-auth-action.test.ts[2m > [22minternal-auth actions[2m > [22mauthenticateInternalUser[2m > [22mreturns TOO_MANY_REQUESTS when rate limit exceeded[33m 303[2mms[22m[39m
 [32mÔ£ô[39m tests/unit/actions/internal-auth-action.test.ts[2m > [22minternal-auth actions[2m > [22mauthenticateInternalUser[2m > [22mreturns INVALID_CREDENTIALS and calls registerFailure when user not found[32m 2[2mms[22m[39m
 [32mÔ£ô[39m tests/unit/actions/internal-auth-action.test.ts[2m > [22minternal-auth actions[2m > [22mauthenticateInternalUser[2m > [22mreturns ACCOUNT_NOT_ACTIVATED when passwordHash is null[32m 0[2mms[22m[39m
 [32mÔ£ô[39m tests/unit/actions/internal-auth-action.test.ts[2m > [22minternal-auth actions[2m > [22mauthenticateInternalUser[2m > [22mreturns INVALID_CREDENTIALS and calls registerFailure when password is wrong[32m 0[2mms[22m[39m
 [31m├ù[39m tests/unit/actions/internal-auth-action.test.ts[2m > [22minternal-auth actions[2m > [22mauthenticateInternalUser[2m > [22mcalls logAuditEvent on wrong password when user has companyId[32m 5[2mms[22m[39m
[31m   ÔåÆ expected "vi.fn()" to be called with arguments: [ ObjectContaining{ÔÇª} ][90m

Received:

[1m  1st vi.fn() call:

[22m[2m  [[22m
[32m-   ObjectContaining {[90m
[31m+   {[90m
[2m      "action": "LOGIN_FAILED",[22m
[2m      "companyId": "co1",[22m
[31m+     "entityId": "u1",[90m
[31m+     "entityType": "User",[90m
[31m+     "newValue": {[90m
[31m+       "reason": "wrong_password",[90m
[31m+     },[90m
[31m+     "userId": "u1",[90m
[31m+   },[90m
[31m+   {[90m
[31m+     "captureHeaders": true,[90m
[2m    },[22m
[2m  ][22m
[31m[90m

Number of calls: [1m1[22m
[31m[39m
 [32mÔ£ô[39m tests/unit/actions/internal-auth-action.test.ts[2m > [22minternal-auth actions[2m > [22mauthenticateInternalUser[2m > [22mredirects to mfa-verify when user has MFA enabled[32m 1[2mms[22m[39m
 [32mÔ£ô[39m tests/unit/actions/internal-auth-action.test.ts[2m > [22minternal-auth actions[2m > [22mauthenticateInternalUser[2m > [22mredirects to mfa-setup-required when companyMfaRequired and user not MFA enrolled[32m 0[2mms[22m[39m
 [32mÔ£ô[39m tests/unit/actions/internal-auth-action.test.ts[2m > [22minternal-auth actions[2m > [22mauthenticateInternalUser[2m > [22mredirects to mfa-setup-required when user mfaEnforced=true[32m 0[2mms[22m[39m
 [32mÔ£ô[39m tests/unit/actions/internal-auth-action.test.ts[2m > [22minternal-auth actions[2m > [22mauthenticateInternalUser[2m > [22mSSO user skips MFA setup even if mfaEnforced=true ÔåÆ creates session[32m 0[2mms[22m[39m
 [32mÔ£ô[39m tests/unit/actions/internal-auth-action.test.ts[2m > [22minternal-auth actions[2m > [22mauthenticateInternalUser[2m > [22mreturns redirectTo '/en/dashboard' on successful login[32m 0[2mms[22m[39m
 [32mÔ£ô[39m tests/unit/actions/internal-auth-action.test.ts[2m > [22minternal-auth actions[2m > [22mauthenticateInternalUser[2m > [22muses safe nextPath when canAccessPath returns true[32m 0[2mms[22m[39m
 [32mÔ£ô[39m tests/unit/actions/internal-auth-action.test.ts[2m > [22minternal-auth actions[2m > [22mauthenticateInternalUser[2m > [22mignores nextPath when canAccessPath returns false[32m 0[2mms[22m[39m
 [32mÔ£ô[39m tests/unit/actions/internal-auth-action.test.ts[2m > [22minternal-auth actions[2m > [22mauthenticateInternalUser[2m > [22mnormalizes invalid locale to 'de'[32m 0[2mms[22m[39m
 [32mÔ£ô[39m tests/unit/actions/internal-auth-action.test.ts[2m > [22minternal-auth actions[2m > [22msignOutAction[2m > [22mrevokes session and calls clearAuthSessionCookie[32m 1[2mms[22m[39m
 [31m├ù[39m tests/unit/actions/vendor-action.test.ts[2m > [22mvendor actions[2m > [22mcreateVendorAction[2m > [22mreturns error when name is missing[32m 4[2mms[22m[39m
[31m   ÔåÆ formData.get is not a function[39m
 [31m├ù[39m tests/unit/actions/vendor-action.test.ts[2m > [22mvendor actions[2m > [22mcreateVendorAction[2m > [22mreturns error when email is missing[32m 0[2mms[22m[39m
[31m   ÔåÆ formData.get is not a function[39m
 [31m├ù[39m tests/unit/actions/vendor-action.test.ts[2m > [22mvendor actions[2m > [22mcreateVendorAction[2m > [22mcreates vendor and assessment in transaction, returns { ok: true }[32m 0[2mms[22m[39m
[31m   ÔåÆ formData.get is not a function[39m
 [31m├ù[39m tests/unit/actions/vendor-action.test.ts[2m > [22mvendor actions[2m > [22mcreateVendorAction[2m > [22mreturns { ok: false, error: 'Unauthorized.' } when isAccessControlError[32m 0[2mms[22m[39m
[31m   ÔåÆ formData.get is not a function[39m
 [31m├ù[39m tests/unit/actions/vendor-action.test.ts[2m > [22mvendor actions[2m > [22mcreateVendorAction[2m > [22mcalls fireWebhookEvent on success (fire-and-forget)[32m 0[2mms[22m[39m
[31m   ÔåÆ formData.get is not a function[39m
 [31m├ù[39m tests/unit/actions/vendor-action.test.ts[2m > [22mvendor actions[2m > [22mgenerateVendorAccessCodeAction[2m > [22mreturns error when vendorId is empty[32m 0[2mms[22m[39m
[31m   ÔåÆ vendorId.trim is not a function[39m
 [31m├ù[39m tests/unit/actions/vendor-action.test.ts[2m > [22mvendor actions[2m > [22mgenerateVendorAccessCodeAction[2m > [22mreturns error when vendor not found in company (tenant isolation)[32m 0[2mms[22m[39m
[31m   ÔåÆ vendorId.trim is not a function[39m
 [31m├ù[39m tests/unit/actions/vendor-action.test.ts[2m > [22mvendor actions[2m > [22mgenerateVendorAccessCodeAction[2m > [22mgenerates 8-char access code in XXXX-XXXX format[32m 0[2mms[22m[39m
[31m   ÔåÆ vendorId.trim is not a function[39m
 [31m├ù[39m tests/unit/actions/vendor-action.test.ts[2m > [22mvendor actions[2m > [22mgenerateVendorAccessCodeAction[2m > [22mreturns { ok: true } with accessCode, tempPassword, codeExpiresAt[32m 0[2mms[22m[39m
[31m   ÔåÆ vendorId.trim is not a function[39m
 [31m├ù[39m tests/unit/actions/vendor-action.test.ts[2m > [22mvendor actions[2m > [22mgenerateVendorAccessCodeAction[2m > [22mresolves 30d duration correctly[32m 0[2mms[22m[39m
[31m   ÔåÆ vendorId.trim is not a function[39m
 [31m├ù[39m tests/unit/actions/vendor-action.test.ts[2m > [22mvendor actions[2m > [22mvoidVendorAccessCodeAction[2m > [22mreturns error when vendorId is empty[32m 4[2mms[22m[39m
[31m   ÔåÆ expected { ok: false, ÔÇª(1) } to deeply equal { ok: false, ÔÇª(1) }[39m
 [31m├ù[39m tests/unit/actions/vendor-action.test.ts[2m > [22mvendor actions[2m > [22mvoidVendorAccessCodeAction[2m > [22mclears access code fields, returns { ok: true }[32m 0[2mms[22m[39m
[31m   ÔåÆ AuditLogger.dataOp is not a function[39m
 [31m├ù[39m tests/unit/actions/vendor-action.test.ts[2m > [22mvendor actions[2m > [22mvoidVendorAccessCodeAction[2m > [22mclears passwordHash/inviteSentAt when isFirstLogin=true[32m 0[2mms[22m[39m
[31m   ÔåÆ AuditLogger.dataOp is not a function[39m
 [31m├ù[39m tests/unit/actions/vendor-action.test.ts[2m > [22mvendor actions[2m > [22mdeleteVendorAction[2m > [22mreturns error when vendor not found[32m 0[2mms[22m[39m
[31m   ÔåÆ AuditLogger.dataOp is not a function[39m
 [31m├ù[39m tests/unit/actions/vendor-action.test.ts[2m > [22mvendor actions[2m > [22mdeleteVendorAction[2m > [22mdeletes vendor and logs audit event[32m 0[2mms[22m[39m
[31m   ÔåÆ AuditLogger.dataOp is not a function[39m
 [32mÔ£ô[39m tests/unit/actions/vendor-auth-action.test.ts[2m > [22mvendor-auth actions[2m > [22mauthenticateVendorAccessCode[2m > [22mreturns error immediately when IP rate limited[33m 3029[2mms[22m[39m
 [32mÔ£ô[39m tests/unit/actions/vendor-auth-action.test.ts[2m > [22mvendor-auth actions[2m > [22mauthenticateVendorAccessCode[2m > [22mreturns error when code rate limited[33m 3015[2mms[22m[39m
 [31m├ù[39m tests/unit/actions/vendor-auth-action.test.ts[2m > [22mvendor-auth actions[2m > [22mauthenticateVendorAccessCode[2m > [22mreturns error and registers failure when accessCode is empty[33m 3007[2mms[22m[39m
[31m   ÔåÆ expected "vi.fn()" to be called with arguments: [ 'vpi:127.0.0.1', Any<Object> ][90m

Received:

[1m  1st vi.fn() call:

[22m[2m  [[22m
[2m    "vpi:127.0.0.1",[22m
[32m-   Any<Object>,[90m
[2m  ][22m

[1m  2nd vi.fn() call:

[22m[2m  [[22m
[32m-   "vpi:127.0.0.1",[90m
[32m-   Any<Object>,[90m
[31m+   "vpc:EMPTY",[90m
[31m+   {[90m
[31m+     "blockMs": 600000,[90m
[31m+     "maxFailures": 5,[90m
[31m+   },[90m
[2m  ][22m
[31m[90m

Number of calls: [1m2[22m
[31m[39m
 [31m├ù[39m tests/unit/actions/vendor-auth-action.test.ts[2m > [22mvendor-auth actions[2m > [22mauthenticateVendorAccessCode[2m > [22mreturns error and registers failure when password is empty[33m 3012[2mms[22m[39m
[31m   ÔåÆ expected "vi.fn()" to be called with arguments: [ 'vpi:127.0.0.1', Any<Object> ][90m

Received:

[1m  1st vi.fn() call:

[22m[2m  [[22m
[2m    "vpi:127.0.0.1",[22m
[32m-   Any<Object>,[90m
[2m  ][22m

[1m  2nd vi.fn() call:

[22m[2m  [[22m
[32m-   "vpi:127.0.0.1",[90m
[32m-   Any<Object>,[90m
[31m+   "vpc:ABCD1234",[90m
[31m+   {[90m
[31m+     "blockMs": 600000,[90m
[31m+     "maxFailures": 5,[90m
[31m+   },[90m
[2m  ][22m
[31m[90m

Number of calls: [1m2[22m
[31m[39m
 [31m├ù[39m tests/unit/actions/vendor-auth-action.test.ts[2m > [22mvendor-auth actions[2m > [22mauthenticateVendorAccessCode[2m > [22mnormalizes access code: strips spaces and hyphens, uppercases[33m 3015[2mms[22m[39m
[31m   ÔåÆ promise resolved "{ error: 'Invalid credentials.' }" instead of rejecting[39m
 [31m├ù[39m tests/unit/actions/vendor-auth-action.test.ts[2m > [22mvendor-auth actions[2m > [22mauthenticateVendorAccessCode[2m > [22mreturns error when vendor not found[33m 3004[2mms[22m[39m
[31m   ÔåÆ expected "vi.fn()" to be called with arguments: [ 'vpi:127.0.0.1', Any<Object> ][90m

Received:

[1m  1st vi.fn() call:

[22m[2m  [[22m
[2m    "vpi:127.0.0.1",[22m
[32m-   Any<Object>,[90m
[2m  ][22m

[1m  2nd vi.fn() call:

[22m[2m  [[22m
[32m-   "vpi:127.0.0.1",[90m
[32m-   Any<Object>,[90m
[31m+   "vpc:ABCD1234",[90m
[31m+   {[90m
[31m+     "blockMs": 600000,[90m
[31m+     "maxFailures": 5,[90m
[31m+   },[90m
[2m  ][22m
[31m[90m

Number of calls: [1m2[22m
[31m[39m
 [31m├ù[39m tests/unit/actions/vendor-auth-action.test.ts[2m > [22mvendor-auth actions[2m > [22mauthenticateVendorAccessCode[2m > [22mexpires access code and clears invite state when isFirstLogin=true[33m 3007[2mms[22m[39m
[31m   ÔåÆ expected { error: 'Invalid credentials.' } to deeply equal { Object (error) }[39m
 [31m├ù[39m tests/unit/actions/vendor-auth-action.test.ts[2m > [22mvendor-auth actions[2m > [22mauthenticateVendorAccessCode[2m > [22mexpires access code without clearing invite state when isFirstLogin=false[33m 3003[2mms[22m[39m
[31m   ÔåÆ expected { error: 'Invalid credentials.' } to deeply equal { Object (error) }[39m
 [31m├ù[39m tests/unit/actions/vendor-auth-action.test.ts[2m > [22mvendor-auth actions[2m > [22mauthenticateVendorAccessCode[2m > [22mreturns pending setup error when passwordHash is null and setup token is valid[33m 3006[2mms[22m[39m
[31m   ÔåÆ expected { error: 'Invalid credentials.' } to deeply equal { error: 'PENDING_SETUP', ÔÇª(2) }[39m
 [32mÔ£ô[39m tests/unit/actions/vendor-auth-action.test.ts[2m > [22mvendor-auth actions[2m > [22mauthenticateVendorAccessCode[2m > [22mreturns generic error when passwordHash is null and no pending setup[33m 3005[2mms[22m[39m
 [31m├ù[39m tests/unit/actions/vendor-auth-action.test.ts[2m > [22mvendor-auth actions[2m > [22mauthenticateVendorAccessCode[2m > [22mreturns error and registers failure when password is wrong[33m 3015[2mms[22m[39m
[31m   ÔåÆ expected "vi.fn()" to be called with arguments: [ 'vpi:127.0.0.1', Any<Object> ][90m

Received:

[1m  1st vi.fn() call:

[22m[2m  [[22m
[2m    "vpi:127.0.0.1",[22m
[32m-   Any<Object>,[90m
[2m  ][22m

[1m  2nd vi.fn() call:

[22m[2m  [[22m
[32m-   "vpi:127.0.0.1",[90m
[32m-   Any<Object>,[90m
[31m+   "vpc:ABCD1234",[90m
[31m+   {[90m
[31m+     "blockMs": 600000,[90m
[31m+     "maxFailures": 5,[90m
[31m+   },[90m
[2m  ][22m
[31m[90m

Number of calls: [1m2[22m
[31m[39m
 [31m├ù[39m tests/unit/actions/vendor-auth-action.test.ts[2m > [22mvendor-auth actions[2m > [22mauthenticateVendorAccessCode[2m > [22mredirects to vendor mfa-verify when linked user has MFA enabled[33m 3004[2mms[22m[39m
[31m   ÔåÆ promise resolved "{ error: 'Invalid credentials.' }" instead of rejecting[39m
 [31m├ù[39m tests/unit/actions/vendor-auth-action.test.ts[2m > [22mvendor-auth actions[2m > [22mauthenticateVendorAccessCode[2m > [22mredirects to mfa-setup when needsSetup is true[33m 3006[2mms[22m[39m
[31m   ÔåÆ promise resolved "{ error: 'Invalid credentials.' }" instead of rejecting[39m
 [31m├ù[39m tests/unit/actions/vendor-auth-action.test.ts[2m > [22mvendor-auth actions[2m > [22mauthenticateVendorAccessCode[2m > [22mon successful login: resets failures, updates vendor, creates session, redirects[33m 3002[2mms[22m[39m
[31m   ÔåÆ promise resolved "{ error: 'Invalid credentials.' }" instead of rejecting[39m
node.exe : 
At line:1 char:1
+ & "C:\Program Files\nodejs/node.exe" "C:\Program Files\nodejs/node_mo ...
+ ~~~~~~~~~~~~~~~~~~~~~~~~~~~~~~~~~~~~~~~~~~~~~~~~~~~~~~~~~~~~~~~~~~~~~
    + CategoryInfo          : NotSpecified: (:String) [], RemoteException
    + FullyQualifiedErrorId : NativeCommandError
 
[31mÔÄ»ÔÄ»ÔÄ»ÔÄ»ÔÄ»ÔÄ»[39m[1m[41m Failed Tests 49 
[49m[22m[31mÔÄ»ÔÄ»ÔÄ»ÔÄ»ÔÄ»ÔÄ»ÔÄ»[39m

[41m[1m FAIL [22m[49m tests/unit/actions/iam-action.test.ts[2m > [22miam 
actions[2m > [22mupdateUserRole[2m > [22mupdates role and calls 
logAuditEvent
[31m[1mTypeError[22m: AuditLogger.accessControl is not a function[39m
[36m [2mÔØ»[22m Module.updateUserRole app/actions/iam.ts:[2m58:15[22m[39m
    [90m 56|[39m   )[33m;[39m
    [90m 57|[39m
    [90m 58|[39m   [33mAuditLogger[39m[33m.[39m[34maccessControl[39m([
32m"user.role_changed"[39m[33m,[39m [32m"success"[39m[33m,[39m {
    [90m   |[39m               [31m^[39m
    [90m 59|[39m     userId[33m:[39m session[33m.[39muserId[33m,[39m
    [90m 60|[39m     entityType[33m:[39m [32m"User"[39m[33m,[39m
[90m [2mÔØ»[22m tests/unit/actions/iam-action.test.ts:[2m156:22[22m[39m

[31m[2mÔÄ»ÔÄ»ÔÄ»ÔÄ»ÔÄ»ÔÄ»ÔÄ»ÔÄ»ÔÄ»ÔÄ»ÔÄ»ÔÄ»ÔÄ»ÔÄ»ÔÄ»ÔÄ»ÔÄ»ÔÄ»ÔÄ»ÔÄ»ÔÄ»ÔÄ»ÔÄ»[
1/49]ÔÄ»[22m[39m

[41m[1m FAIL [22m[49m tests/unit/actions/iam-action.test.ts[2m > [22miam 
actions[2m > [22mupdateUserRole[2m > [22mcalls 
revalidatePath('/dashboard/users') on success
[31m[1mTypeError[22m: AuditLogger.accessControl is not a function[39m
[36m [2mÔØ»[22m Module.updateUserRole app/actions/iam.ts:[2m58:15[22m[39m
    [90m 56|[39m   )[33m;[39m
    [90m 57|[39m
    [90m 58|[39m   [33mAuditLogger[39m[33m.[39m[34maccessControl[39m([
32m"user.role_changed"[39m[33m,[39m [32m"success"[39m[33m,[39m {
    [90m   |[39m               [31m^[39m
    [90m 59|[39m     userId[33m:[39m session[33m.[39muserId[33m,[39m
    [90m 60|[39m     entityType[33m:[39m [32m"User"[39m[33m,[39m
[90m [2mÔØ»[22m tests/unit/actions/iam-action.test.ts:[2m185:7[22m[39m

[31m[2mÔÄ»ÔÄ»ÔÄ»ÔÄ»ÔÄ»ÔÄ»ÔÄ»ÔÄ»ÔÄ»ÔÄ»ÔÄ»ÔÄ»ÔÄ»ÔÄ»ÔÄ»ÔÄ»ÔÄ»ÔÄ»ÔÄ»ÔÄ»ÔÄ»ÔÄ»ÔÄ»[
2/49]ÔÄ»[22m[39m

[41m[1m FAIL [22m[49m tests/unit/actions/iam-action.test.ts[2m > [22miam 
actions[2m > [22mcreateInternalUser[2m > [22mthrows EMAIL_ALREADY_EXISTS 
when user has passwordHash (active user)
[31m[1mAssertionError[22m: expected [Function] to throw error including 
'EMAIL_ALREADY_EXISTS' but got 'email.trim is not a function'[39m

Expected: [32m"EMAIL_ALREADY_EXISTS"[39m
Received: [31m"email.trim is not a function"[39m

[36m [2mÔØ»[22m tests/unit/actions/iam-action.test.ts:[2m229:8[22m[39m
    [90m227|[39m           role[33m:[39m [32m"AUDITOR"[39m[33m,[39m
    [90m228|[39m         })
    [90m229|[39m       )[33m.[39mrejects[33m.[39m[34mtoThrow[39m([32m"
EMAIL_ALREADY_EXISTS"[39m)[33m;[39m
    [90m   |[39m        [31m^[39m
    [90m230|[39m     })[33m;[39m
    [90m231|[39m

[31m[2mÔÄ»ÔÄ»ÔÄ»ÔÄ»ÔÄ»ÔÄ»ÔÄ»ÔÄ»ÔÄ»ÔÄ»ÔÄ»ÔÄ»ÔÄ»ÔÄ»ÔÄ»ÔÄ»ÔÄ»ÔÄ»ÔÄ»ÔÄ»ÔÄ»ÔÄ»ÔÄ»[
3/49]ÔÄ»[22m[39m

[41m[1m FAIL [22m[49m tests/unit/actions/iam-action.test.ts[2m > [22miam 
actions[2m > [22mcreateInternalUser[2m > [22mcreates new user with hashed 
invite token (not plaintext)
[31m[1mTypeError[22m: email.trim is not a function[39m
[36m [2mÔØ»[22m Module.createInternalUser 
app/actions/iam.ts:[2m91:33[22m[39m
    [90m 89|[39m   }
    [90m 90|[39m
    [90m 91|[39m   [35mconst[39m normalizedEmail [33m=[39m 
email[33m.[39m[34mtrim[39m()[33m.[39m[34mtoLowerCase[39m()[33m;[39m
    [90m   |[39m                                 [31m^[39m
    [90m 92|[39m
    [90m 93|[39m   // Check for existing user ÔÇö if they have an unaccepted 
invite, regeÔÇª
[90m [2mÔØ»[22m tests/unit/actions/iam-action.test.ts:[2m239:7[22m[39m

[31m[2mÔÄ»ÔÄ»ÔÄ»ÔÄ»ÔÄ»ÔÄ»ÔÄ»ÔÄ»ÔÄ»ÔÄ»ÔÄ»ÔÄ»ÔÄ»ÔÄ»ÔÄ»ÔÄ»ÔÄ»ÔÄ»ÔÄ»ÔÄ»ÔÄ»ÔÄ»ÔÄ»[
4/49]ÔÄ»[22m[39m

[41m[1m FAIL [22m[49m tests/unit/actions/iam-action.test.ts[2m > [22miam 
actions[2m > [22mcreateInternalUser[2m > [22mregenerates invite for 
existing unactivated user (no passwordHash)
[31m[1mTypeError[22m: email.trim is not a function[39m
[36m [2mÔØ»[22m Module.createInternalUser 
app/actions/iam.ts:[2m91:33[22m[39m
    [90m 89|[39m   }
    [90m 90|[39m
    [90m 91|[39m   [35mconst[39m normalizedEmail [33m=[39m 
email[33m.[39m[34mtrim[39m()[33m.[39m[34mtoLowerCase[39m()[33m;[39m
    [90m   |[39m                                 [31m^[39m
    [90m 92|[39m
    [90m 93|[39m   // Check for existing user ÔÇö if they have an unaccepted 
invite, regeÔÇª
[90m [2mÔØ»[22m tests/unit/actions/iam-action.test.ts:[2m266:7[22m[39m

[31m[2mÔÄ»ÔÄ»ÔÄ»ÔÄ»ÔÄ»ÔÄ»ÔÄ»ÔÄ»ÔÄ»ÔÄ»ÔÄ»ÔÄ»ÔÄ»ÔÄ»ÔÄ»ÔÄ»ÔÄ»ÔÄ»ÔÄ»ÔÄ»ÔÄ»ÔÄ»ÔÄ»[
5/49]ÔÄ»[22m[39m

[41m[1m FAIL [22m[49m tests/unit/actions/iam-action.test.ts[2m > [22miam 
actions[2m > [22mcreateInternalUser[2m > [22mcalls sendMail with invite 
URL containing plaintext token
[31m[1mTypeError[22m: email.trim is not a function[39m
[36m [2mÔØ»[22m Module.createInternalUser 
app/actions/iam.ts:[2m91:33[22m[39m
    [90m 89|[39m   }
    [90m 90|[39m
    [90m 91|[39m   [35mconst[39m normalizedEmail [33m=[39m 
email[33m.[39m[34mtrim[39m()[33m.[39m[34mtoLowerCase[39m()[33m;[39m
    [90m   |[39m                                 [31m^[39m
    [90m 92|[39m
    [90m 93|[39m   // Check for existing user ÔÇö if they have an unaccepted 
invite, regeÔÇª
[90m [2mÔØ»[22m tests/unit/actions/iam-action.test.ts:[2m289:7[22m[39m

[31m[2mÔÄ»ÔÄ»ÔÄ»ÔÄ»ÔÄ»ÔÄ»ÔÄ»ÔÄ»ÔÄ»ÔÄ»ÔÄ»ÔÄ»ÔÄ»ÔÄ»ÔÄ»ÔÄ»ÔÄ»ÔÄ»ÔÄ»ÔÄ»ÔÄ»ÔÄ»ÔÄ»[
6/49]ÔÄ»[22m[39m

[41m[1m FAIL [22m[49m tests/unit/actions/iam-action.test.ts[2m > [22miam 
actions[2m > [22mcreateInternalUser[2m > [22mthrows MAIL_DELIVERY_FAILED 
when sendMail returns ok: false
[31m[1mAssertionError[22m: expected [Function] to throw error including 
'MAIL_DELIVERY_FAILED' but got 'email.trim is not a function'[39m

Expected: [32m"MAIL_DELIVERY_FAILED"[39m
Received: [31m"email.trim is not a function"[39m

[36m [2mÔØ»[22m tests/unit/actions/iam-action.test.ts:[2m319:8[22m[39m
    [90m317|[39m           role[33m:[39m [32m"AUDITOR"[39m[33m,[39m
    [90m318|[39m         })
    [90m319|[39m       )[33m.[39mrejects[33m.[39m[34mtoThrow[39m([32m"
MAIL_DELIVERY_FAILED"[39m)[33m;[39m
    [90m   |[39m        [31m^[39m
    [90m320|[39m     })[33m;[39m
    [90m321|[39m

[31m[2mÔÄ»ÔÄ»ÔÄ»ÔÄ»ÔÄ»ÔÄ»ÔÄ»ÔÄ»ÔÄ»ÔÄ»ÔÄ»ÔÄ»ÔÄ»ÔÄ»ÔÄ»ÔÄ»ÔÄ»ÔÄ»ÔÄ»ÔÄ»ÔÄ»ÔÄ»ÔÄ»[
7/49]ÔÄ»[22m[39m

[41m[1m FAIL [22m[49m tests/unit/actions/iam-action.test.ts[2m > [22miam 
actions[2m > [22mcreateInternalUser[2m > [22mnormalizes email to lowercase
[31m[1mTypeError[22m: email.trim is not a function[39m
[36m [2mÔØ»[22m Module.createInternalUser 
app/actions/iam.ts:[2m91:33[22m[39m
    [90m 89|[39m   }
    [90m 90|[39m
    [90m 91|[39m   [35mconst[39m normalizedEmail [33m=[39m 
email[33m.[39m[34mtrim[39m()[33m.[39m[34mtoLowerCase[39m()[33m;[39m
    [90m   |[39m                                 [31m^[39m
    [90m 92|[39m
    [90m 93|[39m   // Check for existing user ÔÇö if they have an unaccepted 
invite, regeÔÇª
[90m [2mÔØ»[22m tests/unit/actions/iam-action.test.ts:[2m329:7[22m[39m

[31m[2mÔÄ»ÔÄ»ÔÄ»ÔÄ»ÔÄ»ÔÄ»ÔÄ»ÔÄ»ÔÄ»ÔÄ»ÔÄ»ÔÄ»ÔÄ»ÔÄ»ÔÄ»ÔÄ»ÔÄ»ÔÄ»ÔÄ»ÔÄ»ÔÄ»ÔÄ»ÔÄ»[
8/49]ÔÄ»[22m[39m

[41m[1m FAIL [22m[49m tests/unit/actions/iam-action.test.ts[2m > [22miam 
actions[2m > [22mdeleteUser[2m > [22manonymizes email and deactivates 
user, revokes sessions
[31m[1mTypeError[22m: AuditLogger.accessControl is not a function[39m
[36m [2mÔØ»[22m Module.deleteUser app/actions/iam.ts:[2m265:15[22m[39m
    [90m263|[39m   )[33m;[39m
    [90m264|[39m
    [90m265|[39m   [33mAuditLogger[39m[33m.[39m[34maccessControl[39m([
32m"user.deleted"[39m[33m,[39m [32m"success"[39m[33m,[39m {
    [90m   |[39m               [31m^[39m
    [90m266|[39m     userId[33m:[39m session[33m.[39muserId[33m,[39m
    [90m267|[39m     entityType[33m:[39m [32m"User"[39m[33m,[39m
[90m [2mÔØ»[22m tests/unit/actions/iam-action.test.ts:[2m361:22[22m[39m

[31m[2mÔÄ»ÔÄ»ÔÄ»ÔÄ»ÔÄ»ÔÄ»ÔÄ»ÔÄ»ÔÄ»ÔÄ»ÔÄ»ÔÄ»ÔÄ»ÔÄ»ÔÄ»ÔÄ»ÔÄ»ÔÄ»ÔÄ»ÔÄ»ÔÄ»ÔÄ»ÔÄ»[
9/49]ÔÄ»[22m[39m

[41m[1m FAIL [22m[49m tests/unit/actions/iam-action.test.ts[2m > [22miam 
actions[2m > [22mdeleteUser[2m > [22mcalls logAuditEvent with USER_DELETED 
action
[31m[1mTypeError[22m: AuditLogger.accessControl is not a function[39m
[36m [2mÔØ»[22m Module.deleteUser app/actions/iam.ts:[2m265:15[22m[39m
    [90m263|[39m   )[33m;[39m
    [90m264|[39m
    [90m265|[39m   [33mAuditLogger[39m[33m.[39m[34maccessControl[39m([
32m"user.deleted"[39m[33m,[39m [32m"success"[39m[33m,[39m {
    [90m   |[39m               [31m^[39m
    [90m266|[39m     userId[33m:[39m session[33m.[39muserId[33m,[39m
    [90m267|[39m     entityType[33m:[39m [32m"User"[39m[33m,[39m
[90m [2mÔØ»[22m tests/unit/actions/iam-action.test.ts:[2m393:7[22m[39m

[31m[2mÔÄ»ÔÄ»ÔÄ»ÔÄ»ÔÄ»ÔÄ»ÔÄ»ÔÄ»ÔÄ»ÔÄ»ÔÄ»ÔÄ»ÔÄ»ÔÄ»ÔÄ»ÔÄ»ÔÄ»ÔÄ»ÔÄ»ÔÄ»ÔÄ»ÔÄ»[10/
49]ÔÄ»[22m[39m

[41m[1m FAIL [22m[49m tests/unit/actions/internal-auth-action.test.ts[2m 
> [22minternal-auth actions[2m > [22mauthenticateInternalUser[2m > 
[22mcalls logAuditEvent on wrong password when user has companyId
[31m[1mAssertionError[22m: expected "vi.fn()" to be called with arguments: 
[ ObjectContaining{ÔÇª} ][90m

Received:

[1m  1st vi.fn() call:

[22m[2m  [[22m
[32m-   ObjectContaining {[90m
[31m+   {[90m
[2m      "action": "LOGIN_FAILED",[22m
[2m      "companyId": "co1",[22m
[31m+     "entityId": "u1",[90m
[31m+     "entityType": "User",[90m
[31m+     "newValue": {[90m
[31m+       "reason": "wrong_password",[90m
[31m+     },[90m
[31m+     "userId": "u1",[90m
[31m+   },[90m
[31m+   {[90m
[31m+     "captureHeaders": true,[90m
[2m    },[22m
[2m  ][22m
[31m[90m

Number of calls: [1m1[22m
[31m[39m
[36m [2mÔØ»[22m 
tests/unit/actions/internal-auth-action.test.ts:[2m266:33[22m[39m
    [90m264|[39m       })[33m;[39m
    [90m265|[39m       [35mawait[39m 
[34mauthenticateInternalUser[39m([35mnull[39m[33m,[39m fd)[33m;[39m
    [90m266|[39m       
[34mexpect[39m(mockLogAuditEvent)[33m.[39m[34mtoHaveBeenCalledWith[39m(
    [90m   |[39m                                 [31m^[39m
    [90m267|[39m         expect[33m.[39m[34mobjectContaining[39m({
    [90m268|[39m           companyId[33m:[39m [32m"co1"[39m[33m,[39m

[31m[2mÔÄ»ÔÄ»ÔÄ»ÔÄ»ÔÄ»ÔÄ»ÔÄ»ÔÄ»ÔÄ»ÔÄ»ÔÄ»ÔÄ»ÔÄ»ÔÄ»ÔÄ»ÔÄ»ÔÄ»ÔÄ»ÔÄ»ÔÄ»ÔÄ»ÔÄ»[11/
49]ÔÄ»[22m[39m

[41m[1m FAIL [22m[49m tests/unit/actions/mfa-server-action.test.ts[2m > 
[22mmfa server actions[2m > [22mgenerateMfaSecret[2m > [22mgenerates and 
stores encrypted TOTP secret, returns { uri, secret }
[31m[1mAssertionError[22m: expected "vi.fn()" to be called with arguments: 
[ ObjectContaining{ÔÇª} ][90m

Received:

[1m  1st vi.fn() call:

[22m[2m  [[22m
[32m-   ObjectContaining {[90m
[31m+   {[90m
[2m      "data": {[22m
[2m        "mfaSecret": "encrypted-secret",[22m
[2m      },[22m
[2m      "where": {[22m
[32m-       "id": "u1",[90m
[31m+       "id": undefined,[90m
[2m      },[22m
[2m    },[22m
[2m  ][22m
[31m[90m

Number of calls: [1m1[22m
[31m[39m
[36m [2mÔØ»[22m 
tests/unit/actions/mfa-server-action.test.ts:[2m152:30[22m[39m
    [90m150|[39m         secret[33m:[39m 
[32m"JBSWY3DPEHPK3PXP"[39m[33m,[39m
    [90m151|[39m       })[33m;[39m
    [90m152|[39m       
[34mexpect[39m(mockUserUpdate)[33m.[39m[34mtoHaveBeenCalledWith[39m(
    [90m   |[39m                              [31m^[39m
    [90m153|[39m         expect[33m.[39m[34mobjectContaining[39m({
    [90m154|[39m           where[33m:[39m { id[33m:[39m [32m"u1"[39m 
}[33m,[39m

[31m[2mÔÄ»ÔÄ»ÔÄ»ÔÄ»ÔÄ»ÔÄ»ÔÄ»ÔÄ»ÔÄ»ÔÄ»ÔÄ»ÔÄ»ÔÄ»ÔÄ»ÔÄ»ÔÄ»ÔÄ»ÔÄ»ÔÄ»ÔÄ»ÔÄ»ÔÄ»[12/
49]ÔÄ»[22m[39m

[41m[1m FAIL [22m[49m tests/unit/actions/mfa-server-action.test.ts[2m > 
[22mmfa server actions[2m > [22mverifyAndEnableMfa[2m > [22mthrows 
NO_MFA_SECRET when user has no mfaSecret
[31m[1mAssertionError[22m: expected [Function] to throw error including 
'NO_MFA_SECRET' but got 'Cannot read properties of undefined (ÔÇª'[39m

Expected: [32m"NO_MFA_SECRET"[39m
Received: [31m"Cannot read properties of undefined (reading 'mfaSecret')"[39m

[36m [2mÔØ»[22m 
tests/unit/actions/mfa-server-action.test.ts:[2m169:49[22m[39m
    [90m167|[39m       })[33m;[39m
    [90m168|[39m
    [90m169|[39m       [35mawait[39m [34mexpect[39m([34mverifyAndEnableM
fa[39m([32m"123456"[39m))[33m.[39mrejects[33m.[39m[34mtoThrow[39m(
    [90m   |[39m                                                 [31m^[39m
    [90m170|[39m         [32m"NO_MFA_SECRET"[39m
    [90m171|[39m       )[33m;[39m

[31m[2mÔÄ»ÔÄ»ÔÄ»ÔÄ»ÔÄ»ÔÄ»ÔÄ»ÔÄ»ÔÄ»ÔÄ»ÔÄ»ÔÄ»ÔÄ»ÔÄ»ÔÄ»ÔÄ»ÔÄ»ÔÄ»ÔÄ»ÔÄ»ÔÄ»ÔÄ»[13/
49]ÔÄ»[22m[39m

[41m[1m FAIL [22m[49m tests/unit/actions/mfa-server-action.test.ts[2m > 
[22mmfa server actions[2m > [22mverifyAndEnableMfa[2m > [22mthrows 
INVALID_MFA_TOKEN when verifyTotpToken returns false
[31m[1mAssertionError[22m: expected [Function] to throw error including 
'INVALID_MFA_TOKEN' but got 'Cannot read properties of undefined (ÔÇª'[39m

Expected: [32m"INVALID_MFA_TOKEN"[39m
Received: [31m"Cannot read properties of undefined (reading 'mfaSecret')"[39m

[36m [2mÔØ»[22m 
tests/unit/actions/mfa-server-action.test.ts:[2m183:49[22m[39m
    [90m181|[39m       mockVerifyTotpToken[33m.[39m[34mmockReturnValue[39
m([35mfalse[39m)[33m;[39m
    [90m182|[39m
    [90m183|[39m       [35mawait[39m [34mexpect[39m([34mverifyAndEnableM
fa[39m([32m"000000"[39m))[33m.[39mrejects[33m.[39m[34mtoThrow[39m(
    [90m   |[39m                                                 [31m^[39m
    [90m184|[39m         [32m"INVALID_MFA_TOKEN"[39m
    [90m185|[39m       )[33m;[39m

[31m[2mÔÄ»ÔÄ»ÔÄ»ÔÄ»ÔÄ»ÔÄ»ÔÄ»ÔÄ»ÔÄ»ÔÄ»ÔÄ»ÔÄ»ÔÄ»ÔÄ»ÔÄ»ÔÄ»ÔÄ»ÔÄ»ÔÄ»ÔÄ»ÔÄ»ÔÄ»[14/
49]ÔÄ»[22m[39m

[41m[1m FAIL [22m[49m tests/unit/actions/mfa-server-action.test.ts[2m > 
[22mmfa server actions[2m > [22mverifyAndEnableMfa[2m > [22menables MFA, 
stores recovery codes, returns plaintext codes
[31m[1mTypeError[22m: Cannot read properties of undefined (reading 
'mfaSecret')[39m
[36m [2mÔØ»[22m Module.verifyAndEnableMfa 
app/actions/mfa.ts:[2m135:13[22m[39m
    [90m133|[39m   })[33m;[39m
    [90m134|[39m
    [90m135|[39m   [35mif[39m ([33m![39muser[33m.[39mmfaSecret) {
    [90m   |[39m             [31m^[39m
    [90m136|[39m     [35mthrow[39m [35mnew[39m 
[33mError[39m([32m"NO_MFA_SECRET"[39m)[33m;[39m
    [90m137|[39m   }
[90m [2mÔØ»[22m 
tests/unit/actions/mfa-server-action.test.ts:[2m202:22[22m[39m

[31m[2mÔÄ»ÔÄ»ÔÄ»ÔÄ»ÔÄ»ÔÄ»ÔÄ»ÔÄ»ÔÄ»ÔÄ»ÔÄ»ÔÄ»ÔÄ»ÔÄ»ÔÄ»ÔÄ»ÔÄ»ÔÄ»ÔÄ»ÔÄ»ÔÄ»ÔÄ»[15/
49]ÔÄ»[22m[39m

[41m[1m FAIL [22m[49m tests/unit/actions/mfa-server-action.test.ts[2m > 
[22mmfa server actions[2m > [22mverifyAndEnableMfa[2m > [22mthrows 
ALREADY_ENROLLED when updateMany count is 0 (concurrent enrollment)
[31m[1mAssertionError[22m: expected [Function] to throw error including 
'ALREADY_ENROLLED' but got 'Cannot read properties of undefined (ÔÇª'[39m

Expected: [32m"ALREADY_ENROLLED"[39m
Received: [31m"Cannot read properties of undefined (reading 'mfaSecret')"[39m

[36m [2mÔØ»[22m 
tests/unit/actions/mfa-server-action.test.ts:[2m233:49[22m[39m
    [90m231|[39m       
mockUserUpdateMany[33m.[39m[34mmockResolvedValue[39m({ count[33m:[39m 
[34m0[39m })[33m;[39m
    [90m232|[39m
    [90m233|[39m       [35mawait[39m [34mexpect[39m([34mverifyAndEnableM
fa[39m([32m"123456"[39m))[33m.[39mrejects[33m.[39m[34mtoThrow[39m(
    [90m   |[39m                                                 [31m^[39m
    [90m234|[39m         [32m"ALREADY_ENROLLED"[39m
    [90m235|[39m       )[33m;[39m

[31m[2mÔÄ»ÔÄ»ÔÄ»ÔÄ»ÔÄ»ÔÄ»ÔÄ»ÔÄ»ÔÄ»ÔÄ»ÔÄ»ÔÄ»ÔÄ»ÔÄ»ÔÄ»ÔÄ»ÔÄ»ÔÄ»ÔÄ»ÔÄ»ÔÄ»ÔÄ»[16/
49]ÔÄ»[22m[39m

[41m[1m FAIL [22m[49m tests/unit/actions/mfa-server-action.test.ts[2m > 
[22mmfa server actions[2m > [22mdisableMfa[2m > [22mthrows 
MFA_NOT_ENABLED when user has mfaEnabled=false
[31m[1mAssertionError[22m: expected [Function] to throw error including 
'MFA_NOT_ENABLED' but got 'Cannot read properties of undefined (ÔÇª'[39m

Expected: [32m"MFA_NOT_ENABLED"[39m
Received: [31m"Cannot read properties of undefined (reading 
'mfaEnabled')"[39m

[36m [2mÔØ»[22m 
tests/unit/actions/mfa-server-action.test.ts:[2m246:41[22m[39m
    [90m244|[39m       })[33m;[39m
    [90m245|[39m
    [90m246|[39m       await 
expect(disableMfa("123456")).rejects.toThrow("MFA_NOT_ENABÔÇª
    [90m   |[39m                                         [31m^[39m
    [90m247|[39m     })[33m;[39m
    [90m248|[39m

[31m[2mÔÄ»ÔÄ»ÔÄ»ÔÄ»ÔÄ»ÔÄ»ÔÄ»ÔÄ»ÔÄ»ÔÄ»ÔÄ»ÔÄ»ÔÄ»ÔÄ»ÔÄ»ÔÄ»ÔÄ»ÔÄ»ÔÄ»ÔÄ»ÔÄ»ÔÄ»[17/
49]ÔÄ»[22m[39m

[41m[1m FAIL [22m[49m tests/unit/actions/mfa-server-action.test.ts[2m > 
[22mmfa server actions[2m > [22mdisableMfa[2m > [22mthrows 
INVALID_MFA_TOKEN when verifyTotpToken returns false
[31m[1mAssertionError[22m: expected [Function] to throw error including 
'INVALID_MFA_TOKEN' but got 'Cannot read properties of undefined (ÔÇª'[39m

Expected: [32m"INVALID_MFA_TOKEN"[39m
Received: [31m"Cannot read properties of undefined (reading 
'mfaEnabled')"[39m

[36m [2mÔØ»[22m 
tests/unit/actions/mfa-server-action.test.ts:[2m258:41[22m[39m
    [90m256|[39m       mockVerifyTotpToken[33m.[39m[34mmockReturnValue[39
m([35mfalse[39m)[33m;[39m
    [90m257|[39m
    [90m258|[39m       await 
expect(disableMfa("000000")).rejects.toThrow("INVALID_MFA_ÔÇª
    [90m   |[39m                                         [31m^[39m
    [90m259|[39m     })[33m;[39m
    [90m260|[39m

[31m[2mÔÄ»ÔÄ»ÔÄ»ÔÄ»ÔÄ»ÔÄ»ÔÄ»ÔÄ»ÔÄ»ÔÄ»ÔÄ»ÔÄ»ÔÄ»ÔÄ»ÔÄ»ÔÄ»ÔÄ»ÔÄ»ÔÄ»ÔÄ»ÔÄ»ÔÄ»[18/
49]ÔÄ»[22m[39m

[41m[1m FAIL [22m[49m tests/unit/actions/mfa-server-action.test.ts[2m > 
[22mmfa server actions[2m > [22mdisableMfa[2m > [22mdisables MFA and 
returns { success: true }
[31m[1mTypeError[22m: Cannot read properties of undefined (reading 
'mfaEnabled')[39m
[36m [2mÔØ»[22m Module.disableMfa app/actions/mfa.ts:[2m182:13[22m[39m
    [90m180|[39m   })[33m;[39m
    [90m181|[39m
    [90m182|[39m   [35mif[39m ([33m![39muser[33m.[39mmfaEnabled 
[33m||[39m [33m![39muser[33m.[39mmfaSecret) {
    [90m   |[39m             [31m^[39m
    [90m183|[39m     [35mthrow[39m [35mnew[39m 
[33mError[39m([32m"MFA_NOT_ENABLED"[39m)[33m;[39m
    [90m184|[39m   }
[90m [2mÔØ»[22m 
tests/unit/actions/mfa-server-action.test.ts:[2m271:22[22m[39m

[31m[2mÔÄ»ÔÄ»ÔÄ»ÔÄ»ÔÄ»ÔÄ»ÔÄ»ÔÄ»ÔÄ»ÔÄ»ÔÄ»ÔÄ»ÔÄ»ÔÄ»ÔÄ»ÔÄ»ÔÄ»ÔÄ»ÔÄ»ÔÄ»ÔÄ»ÔÄ»[19/
49]ÔÄ»[22m[39m

[41m[1m FAIL [22m[49m tests/unit/actions/mfa-server-action.test.ts[2m > 
[22mmfa server actions[2m > [22mregenerateRecoveryCodes[2m > 
[22mregenerates codes and returns plaintext
[31m[1mTypeError[22m: Cannot read properties of undefined (reading 
'length')[39m
[36m [2mÔØ»[22m Module.regenerateRecoveryCodes 
app/actions/mfa.ts:[2m249:33[22m[39m
    [90m247|[39m     role[33m:[39m user[33m.[39mrole[33m,[39m
    [90m248|[39m     message[33m:[39m [32m"Recovery codes 
regenerated"[39m[33m,[39m
    [90m249|[39m     details[33m:[39m { count[33m:[39m 
plaintext[33m.[39mlength }[33m,[39m
    [90m   |[39m                                 [31m^[39m
    [90m250|[39m   })[33m;[39m
    [90m251|[39m
[90m [2mÔØ»[22m 
tests/unit/actions/mfa-server-action.test.ts:[2m327:22[22m[39m

[31m[2mÔÄ»ÔÄ»ÔÄ»ÔÄ»ÔÄ»ÔÄ»ÔÄ»ÔÄ»ÔÄ»ÔÄ»ÔÄ»ÔÄ»ÔÄ»ÔÄ»ÔÄ»ÔÄ»ÔÄ»ÔÄ»ÔÄ»ÔÄ»ÔÄ»ÔÄ»[20/
49]ÔÄ»[22m[39m

[41m[1m FAIL [22m[49m tests/unit/actions/mfa-server-action.test.ts[2m > 
[22mmfa server actions[2m > [22mgenerateMfaSecretForSetup[2m > [22mthrows 
USER_NOT_FOUND when user does not exist
[31m[1mAssertionError[22m: promise resolved "{ ÔÇª(2) }" instead of 
rejecting[39m

[32m- Expected[39m
[31m+ Received[39m

[32m- Error {[39m
[32m-   "message": "rejected promise",[39m
[31m+ {[39m
[31m+   "secret": "JBSWY3DPEHPK3PXP",[39m
[31m+   "uri": "otpauth://totp/Assessly:test@example.com?secret=JBSWY3DPEHPK3P
XP&issuer=Assessly",[39m
[2m  }[22m

[36m [2mÔØ»[22m 
tests/unit/actions/mfa-server-action.test.ts:[2m358:48[22m[39m
    [90m356|[39m       )[33m;[39m
    [90m357|[39m
    [90m358|[39m       [35mawait[39m [34mexpect[39m([34mgenerateMfaSecre
tForSetup[39m())[33m.[39mrejects[33m.[39m[34mtoThrow[39m(
    [90m   |[39m                                                [31m^[39m
    [90m359|[39m         [32m"USER_NOT_FOUND"[39m
    [90m360|[39m       )[33m;[39m

[31m[2mÔÄ»ÔÄ»ÔÄ»ÔÄ»ÔÄ»ÔÄ»ÔÄ»ÔÄ»ÔÄ»ÔÄ»ÔÄ»ÔÄ»ÔÄ»ÔÄ»ÔÄ»ÔÄ»ÔÄ»ÔÄ»ÔÄ»ÔÄ»ÔÄ»ÔÄ»[21/
49]ÔÄ»[22m[39m

[41m[1m FAIL [22m[49m tests/unit/actions/mfa-server-action.test.ts[2m > 
[22mmfa server actions[2m > [22mgenerateMfaSecretForSetup[2m > 
[22mreturns { uri, secret } for forced setup flow
[31m[1mAssertionError[22m: expected "vi.fn()" to be called with arguments: 
[ ObjectContaining{ÔÇª} ][90m

Received:

[1m  1st vi.fn() call:

[22m[2m  [[22m
[32m-   ObjectContaining {[90m
[31m+   {[90m
[2m      "data": {[22m
[2m        "mfaSecret": "encrypted-secret",[22m
[2m      },[22m
[2m      "where": {[22m
[32m-       "id": "u1",[90m
[31m+       "id": undefined,[90m
[2m      },[22m
[2m    },[22m
[2m  ][22m
[31m[90m

Number of calls: [1m1[22m
[31m[39m
[36m [2mÔØ»[22m 
tests/unit/actions/mfa-server-action.test.ts:[2m386:30[22m[39m
    [90m384|[39m         secret[33m:[39m 
[32m"JBSWY3DPEHPK3PXP"[39m[33m,[39m
    [90m385|[39m       })[33m;[39m
    [90m386|[39m       
[34mexpect[39m(mockUserUpdate)[33m.[39m[34mtoHaveBeenCalledWith[39m(
    [90m   |[39m                              [31m^[39m
    [90m387|[39m         expect[33m.[39m[34mobjectContaining[39m({
    [90m388|[39m           where[33m:[39m { id[33m:[39m [32m"u1"[39m 
}[33m,[39m

[31m[2mÔÄ»ÔÄ»ÔÄ»ÔÄ»ÔÄ»ÔÄ»ÔÄ»ÔÄ»ÔÄ»ÔÄ»ÔÄ»ÔÄ»ÔÄ»ÔÄ»ÔÄ»ÔÄ»ÔÄ»ÔÄ»ÔÄ»ÔÄ»ÔÄ»ÔÄ»[22/
49]ÔÄ»[22m[39m

[41m[1m FAIL [22m[49m tests/unit/actions/mfa-server-action.test.ts[2m > 
[22mmfa server actions[2m > [22msetOrgMfaRequired[2m > [22mthrows 
ADMIN_MFA_NOT_ENROLLED when enabling org MFA and admin has no MFA
[31m[1mAssertionError[22m: expected [Function] to throw error including 
'ADMIN_MFA_NOT_ENROLLED' but got 'FORBIDDEN'[39m

Expected: [32m"ADMIN_MFA_NOT_ENROLLED"[39m
Received: [31m"FORBIDDEN"[39m

[36m [2mÔØ»[22m 
tests/unit/actions/mfa-server-action.test.ts:[2m407:44[22m[39m
    [90m405|[39m       })[33m;[39m
    [90m406|[39m
    [90m407|[39m       [35mawait[39m [34mexpect[39m([34msetOrgMfaRequire
d[39m([35mtrue[39m))[33m.[39mrejects[33m.[39m[34mtoThrow[39m(
    [90m   |[39m                                            [31m^[39m
    [90m408|[39m         [32m"ADMIN_MFA_NOT_ENROLLED"[39m
    [90m409|[39m       )[33m;[39m

[31m[2mÔÄ»ÔÄ»ÔÄ»ÔÄ»ÔÄ»ÔÄ»ÔÄ»ÔÄ»ÔÄ»ÔÄ»ÔÄ»ÔÄ»ÔÄ»ÔÄ»ÔÄ»ÔÄ»ÔÄ»ÔÄ»ÔÄ»ÔÄ»ÔÄ»ÔÄ»[23/
49]ÔÄ»[22m[39m

[41m[1m FAIL [22m[49m tests/unit/actions/vendor-action.test.ts[2m > 
[22mvendor actions[2m > [22mcreateVendorAction[2m > [22mreturns error 
when name is missing
[31m[1mTypeError[22m: formData.get is not a function[39m
[36m [2mÔØ»[22m Module.createVendorAction 
app/actions/vendor-actions.ts:[2m97:25[22m[39m
    [90m 95|[39m   }
    [90m 96|[39m
    [90m 97|[39m   [35mconst[39m name [33m=[39m 
formData[33m.[39m[35mget[39m([32m"name"[39m)[33m;[39m
    [90m   |[39m                         [31m^[39m
    [90m 98|[39m   [35mconst[39m email [33m=[39m 
formData[33m.[39m[35mget[39m([32m"email"[39m)[33m;[39m
    [90m 99|[39m   [35mif[39m ([35mtypeof[39m name [33m!==[39m 
[32m"string"[39m [33m||[39m [33m![39mname[33m.[39m[34mtrim[39m()) {
[90m [2mÔØ»[22m 
tests/unit/actions/vendor-action.test.ts:[2m154:22[22m[39m

[31m[2mÔÄ»ÔÄ»ÔÄ»ÔÄ»ÔÄ»ÔÄ»ÔÄ»ÔÄ»ÔÄ»ÔÄ»ÔÄ»ÔÄ»ÔÄ»ÔÄ»ÔÄ»ÔÄ»ÔÄ»ÔÄ»ÔÄ»ÔÄ»ÔÄ»ÔÄ»[24/
49]ÔÄ»[22m[39m

[41m[1m FAIL [22m[49m tests/unit/actions/vendor-action.test.ts[2m > 
[22mvendor actions[2m > [22mcreateVendorAction[2m > [22mreturns error 
when email is missing
[31m[1mTypeError[22m: formData.get is not a function[39m
[36m [2mÔØ»[22m Module.createVendorAction 
app/actions/vendor-actions.ts:[2m97:25[22m[39m
    [90m 95|[39m   }
    [90m 96|[39m
    [90m 97|[39m   [35mconst[39m name [33m=[39m 
formData[33m.[39m[35mget[39m([32m"name"[39m)[33m;[39m
    [90m   |[39m                         [31m^[39m
    [90m 98|[39m   [35mconst[39m email [33m=[39m 
formData[33m.[39m[35mget[39m([32m"email"[39m)[33m;[39m
    [90m 99|[39m   [35mif[39m ([35mtypeof[39m name [33m!==[39m 
[32m"string"[39m [33m||[39m [33m![39mname[33m.[39m[34mtrim[39m()) {
[90m [2mÔØ»[22m 
tests/unit/actions/vendor-action.test.ts:[2m162:22[22m[39m

[31m[2mÔÄ»ÔÄ»ÔÄ»ÔÄ»ÔÄ»ÔÄ»ÔÄ»ÔÄ»ÔÄ»ÔÄ»ÔÄ»ÔÄ»ÔÄ»ÔÄ»ÔÄ»ÔÄ»ÔÄ»ÔÄ»ÔÄ»ÔÄ»ÔÄ»ÔÄ»[25/
49]ÔÄ»[22m[39m

[41m[1m FAIL [22m[49m tests/unit/actions/vendor-action.test.ts[2m > 
[22mvendor actions[2m > [22mcreateVendorAction[2m > [22mcreates vendor 
and assessment in transaction, returns { ok: true }
[31m[1mTypeError[22m: formData.get is not a function[39m
[36m [2mÔØ»[22m Module.createVendorAction 
app/actions/vendor-actions.ts:[2m97:25[22m[39m
    [90m 95|[39m   }
    [90m 96|[39m
    [90m 97|[39m   [35mconst[39m name [33m=[39m 
formData[33m.[39m[35mget[39m([32m"name"[39m)[33m;[39m
    [90m   |[39m                         [31m^[39m
    [90m 98|[39m   [35mconst[39m email [33m=[39m 
formData[33m.[39m[35mget[39m([32m"email"[39m)[33m;[39m
    [90m 99|[39m   [35mif[39m ([35mtypeof[39m name [33m!==[39m 
[32m"string"[39m [33m||[39m [33m![39mname[33m.[39m[34mtrim[39m()) {
[90m [2mÔØ»[22m 
tests/unit/actions/vendor-action.test.ts:[2m179:22[22m[39m

[31m[2mÔÄ»ÔÄ»ÔÄ»ÔÄ»ÔÄ»ÔÄ»ÔÄ»ÔÄ»ÔÄ»ÔÄ»ÔÄ»ÔÄ»ÔÄ»ÔÄ»ÔÄ»ÔÄ»ÔÄ»ÔÄ»ÔÄ»ÔÄ»ÔÄ»ÔÄ»[26/
49]ÔÄ»[22m[39m

[41m[1m FAIL [22m[49m tests/unit/actions/vendor-action.test.ts[2m > 
[22mvendor actions[2m > [22mcreateVendorAction[2m > [22mreturns { ok: 
false, error: 'Unauthorized.' } when isAccessControlError
[31m[1mTypeError[22m: formData.get is not a function[39m
[36m [2mÔØ»[22m Module.createVendorAction 
app/actions/vendor-actions.ts:[2m97:25[22m[39m
    [90m 95|[39m   }
    [90m 96|[39m
    [90m 97|[39m   [35mconst[39m name [33m=[39m 
formData[33m.[39m[35mget[39m([32m"name"[39m)[33m;[39m
    [90m   |[39m                         [31m^[39m
    [90m 98|[39m   [35mconst[39m email [33m=[39m 
formData[33m.[39m[35mget[39m([32m"email"[39m)[33m;[39m
    [90m 99|[39m   [35mif[39m ([35mtypeof[39m name [33m!==[39m 
[32m"string"[39m [33m||[39m [33m![39mname[33m.[39m[34mtrim[39m()) {
[90m [2mÔØ»[22m 
tests/unit/actions/vendor-action.test.ts:[2m194:22[22m[39m

[31m[2mÔÄ»ÔÄ»ÔÄ»ÔÄ»ÔÄ»ÔÄ»ÔÄ»ÔÄ»ÔÄ»ÔÄ»ÔÄ»ÔÄ»ÔÄ»ÔÄ»ÔÄ»ÔÄ»ÔÄ»ÔÄ»ÔÄ»ÔÄ»ÔÄ»ÔÄ»[27/
49]ÔÄ»[22m[39m

[41m[1m FAIL [22m[49m tests/unit/actions/vendor-action.test.ts[2m > 
[22mvendor actions[2m > [22mcreateVendorAction[2m > [22mcalls 
fireWebhookEvent on success (fire-and-forget)
[31m[1mTypeError[22m: formData.get is not a function[39m
[36m [2mÔØ»[22m Module.createVendorAction 
app/actions/vendor-actions.ts:[2m97:25[22m[39m
    [90m 95|[39m   }
    [90m 96|[39m
    [90m 97|[39m   [35mconst[39m name [33m=[39m 
formData[33m.[39m[35mget[39m([32m"name"[39m)[33m;[39m
    [90m   |[39m                         [31m^[39m
    [90m 98|[39m   [35mconst[39m email [33m=[39m 
formData[33m.[39m[35mget[39m([32m"email"[39m)[33m;[39m
    [90m 99|[39m   [35mif[39m ([35mtypeof[39m name [33m!==[39m 
[32m"string"[39m [33m||[39m [33m![39mname[33m.[39m[34mtrim[39m()) {
[90m [2mÔØ»[22m tests/unit/actions/vendor-action.test.ts:[2m212:7[22m[39m

[31m[2mÔÄ»ÔÄ»ÔÄ»ÔÄ»ÔÄ»ÔÄ»ÔÄ»ÔÄ»ÔÄ»ÔÄ»ÔÄ»ÔÄ»ÔÄ»ÔÄ»ÔÄ»ÔÄ»ÔÄ»ÔÄ»ÔÄ»ÔÄ»ÔÄ»ÔÄ»[28/
49]ÔÄ»[22m[39m

[41m[1m FAIL [22m[49m tests/unit/actions/vendor-action.test.ts[2m > 
[22mvendor actions[2m > [22mgenerateVendorAccessCodeAction[2m > 
[22mreturns error when vendorId is empty
[31m[1mTypeError[22m: vendorId.trim is not a function[39m
[36m [2mÔØ»[22m Module.generateVendorAccessCodeAction 
app/actions/vendor-actions.ts:[2m214:30[22m[39m
    [90m212|[39m )[33m:[39m 
[33mPromise[39m[33m<[39m[33mGenerateAccessCodeResult[39m[33m>[39m {
    [90m213|[39m   [35mconst[39m session [33m=[39m [35mawait[39m 
[34mrequireAdminUser[39m()[33m;[39m
    [90m214|[39m   [35mif[39m ([33m![39mvendorId [33m||[39m 
[33m![39mvendorId[33m.[39m[34mtrim[39m()) {
    [90m   |[39m                              [31m^[39m
    [90m215|[39m     [35mreturn[39m { ok[33m:[39m 
[35mfalse[39m[33m,[39m error[33m:[39m [32m"Invalid vendor 
identifier."[39m }[33m;[39m
    [90m216|[39m   }
[90m [2mÔØ»[22m 
tests/unit/actions/vendor-action.test.ts:[2m227:22[22m[39m

[31m[2mÔÄ»ÔÄ»ÔÄ»ÔÄ»ÔÄ»ÔÄ»ÔÄ»ÔÄ»ÔÄ»ÔÄ»ÔÄ»ÔÄ»ÔÄ»ÔÄ»ÔÄ»ÔÄ»ÔÄ»ÔÄ»ÔÄ»ÔÄ»ÔÄ»ÔÄ»[29/
49]ÔÄ»[22m[39m

[41m[1m FAIL [22m[49m tests/unit/actions/vendor-action.test.ts[2m > 
[22mvendor actions[2m > [22mgenerateVendorAccessCodeAction[2m > 
[22mreturns error when vendor not found in company (tenant isolation)
[31m[1mTypeError[22m: vendorId.trim is not a function[39m
[36m [2mÔØ»[22m Module.generateVendorAccessCodeAction 
app/actions/vendor-actions.ts:[2m214:30[22m[39m
    [90m212|[39m )[33m:[39m 
[33mPromise[39m[33m<[39m[33mGenerateAccessCodeResult[39m[33m>[39m {
    [90m213|[39m   [35mconst[39m session [33m=[39m [35mawait[39m 
[34mrequireAdminUser[39m()[33m;[39m
    [90m214|[39m   [35mif[39m ([33m![39mvendorId [33m||[39m 
[33m![39mvendorId[33m.[39m[34mtrim[39m()) {
    [90m   |[39m                              [31m^[39m
    [90m215|[39m     [35mreturn[39m { ok[33m:[39m 
[35mfalse[39m[33m,[39m error[33m:[39m [32m"Invalid vendor 
identifier."[39m }[33m;[39m
    [90m216|[39m   }
[90m [2mÔØ»[22m 
tests/unit/actions/vendor-action.test.ts:[2m237:22[22m[39m

[31m[2mÔÄ»ÔÄ»ÔÄ»ÔÄ»ÔÄ»ÔÄ»ÔÄ»ÔÄ»ÔÄ»ÔÄ»ÔÄ»ÔÄ»ÔÄ»ÔÄ»ÔÄ»ÔÄ»ÔÄ»ÔÄ»ÔÄ»ÔÄ»ÔÄ»ÔÄ»[30/
49]ÔÄ»[22m[39m

[41m[1m FAIL [22m[49m tests/unit/actions/vendor-action.test.ts[2m > 
[22mvendor actions[2m > [22mgenerateVendorAccessCodeAction[2m > 
[22mgenerates 8-char access code in XXXX-XXXX format
[31m[1mTypeError[22m: vendorId.trim is not a function[39m
[36m [2mÔØ»[22m Module.generateVendorAccessCodeAction 
app/actions/vendor-actions.ts:[2m214:30[22m[39m
    [90m212|[39m )[33m:[39m 
[33mPromise[39m[33m<[39m[33mGenerateAccessCodeResult[39m[33m>[39m {
    [90m213|[39m   [35mconst[39m session [33m=[39m [35mawait[39m 
[34mrequireAdminUser[39m()[33m;[39m
    [90m214|[39m   [35mif[39m ([33m![39mvendorId [33m||[39m 
[33m![39mvendorId[33m.[39m[34mtrim[39m()) {
    [90m   |[39m                              [31m^[39m
    [90m215|[39m     [35mreturn[39m { ok[33m:[39m 
[35mfalse[39m[33m,[39m error[33m:[39m [32m"Invalid vendor 
identifier."[39m }[33m;[39m
    [90m216|[39m   }
[90m [2mÔØ»[22m 
tests/unit/actions/vendor-action.test.ts:[2m256:22[22m[39m

[31m[2mÔÄ»ÔÄ»ÔÄ»ÔÄ»ÔÄ»ÔÄ»ÔÄ»ÔÄ»ÔÄ»ÔÄ»ÔÄ»ÔÄ»ÔÄ»ÔÄ»ÔÄ»ÔÄ»ÔÄ»ÔÄ»ÔÄ»ÔÄ»ÔÄ»ÔÄ»[31/
49]ÔÄ»[22m[39m

[41m[1m FAIL [22m[49m tests/unit/actions/vendor-action.test.ts[2m > 
[22mvendor actions[2m > [22mgenerateVendorAccessCodeAction[2m > 
[22mreturns { ok: true } with accessCode, tempPassword, codeExpiresAt
[31m[1mTypeError[22m: vendorId.trim is not a function[39m
[36m [2mÔØ»[22m Module.generateVendorAccessCodeAction 
app/actions/vendor-actions.ts:[2m214:30[22m[39m
    [90m212|[39m )[33m:[39m 
[33mPromise[39m[33m<[39m[33mGenerateAccessCodeResult[39m[33m>[39m {
    [90m213|[39m   [35mconst[39m session [33m=[39m [35mawait[39m 
[34mrequireAdminUser[39m()[33m;[39m
    [90m214|[39m   [35mif[39m ([33m![39mvendorId [33m||[39m 
[33m![39mvendorId[33m.[39m[34mtrim[39m()) {
    [90m   |[39m                              [31m^[39m
    [90m215|[39m     [35mreturn[39m { ok[33m:[39m 
[35mfalse[39m[33m,[39m error[33m:[39m [32m"Invalid vendor 
identifier."[39m }[33m;[39m
    [90m216|[39m   }
[90m [2mÔØ»[22m 
tests/unit/actions/vendor-action.test.ts:[2m278:22[22m[39m

[31m[2mÔÄ»ÔÄ»ÔÄ»ÔÄ»ÔÄ»ÔÄ»ÔÄ»ÔÄ»ÔÄ»ÔÄ»ÔÄ»ÔÄ»ÔÄ»ÔÄ»ÔÄ»ÔÄ»ÔÄ»ÔÄ»ÔÄ»ÔÄ»ÔÄ»ÔÄ»[32/
49]ÔÄ»[22m[39m

[41m[1m FAIL [22m[49m tests/unit/actions/vendor-action.test.ts[2m > 
[22mvendor actions[2m > [22mgenerateVendorAccessCodeAction[2m > 
[22mresolves 30d duration correctly
[31m[1mTypeError[22m: vendorId.trim is not a function[39m
[36m [2mÔØ»[22m Module.generateVendorAccessCodeAction 
app/actions/vendor-actions.ts:[2m214:30[22m[39m
    [90m212|[39m )[33m:[39m 
[33mPromise[39m[33m<[39m[33mGenerateAccessCodeResult[39m[33m>[39m {
    [90m213|[39m   [35mconst[39m session [33m=[39m [35mawait[39m 
[34mrequireAdminUser[39m()[33m;[39m
    [90m214|[39m   [35mif[39m ([33m![39mvendorId [33m||[39m 
[33m![39mvendorId[33m.[39m[34mtrim[39m()) {
    [90m   |[39m                              [31m^[39m
    [90m215|[39m     [35mreturn[39m { ok[33m:[39m 
[35mfalse[39m[33m,[39m error[33m:[39m [32m"Invalid vendor 
identifier."[39m }[33m;[39m
    [90m216|[39m   }
[90m [2mÔØ»[22m 
tests/unit/actions/vendor-action.test.ts:[2m302:22[22m[39m

[31m[2mÔÄ»ÔÄ»ÔÄ»ÔÄ»ÔÄ»ÔÄ»ÔÄ»ÔÄ»ÔÄ»ÔÄ»ÔÄ»ÔÄ»ÔÄ»ÔÄ»ÔÄ»ÔÄ»ÔÄ»ÔÄ»ÔÄ»ÔÄ»ÔÄ»ÔÄ»[33/
49]ÔÄ»[22m[39m

[41m[1m FAIL [22m[49m tests/unit/actions/vendor-action.test.ts[2m > 
[22mvendor actions[2m > [22mvoidVendorAccessCodeAction[2m > [22mreturns 
error when vendorId is empty
[31m[1mAssertionError[22m: expected { ok: false, ÔÇª(1) } to deeply equal { 
ok: false, ÔÇª(1) }[39m

[32m- Expected[39m
[31m+ Received[39m

[2m  {[22m
[32m-   "error": "Vendor ID is required.",[39m
[31m+   "error": "Invalid vendor identifier.",[39m
[2m    "ok": false,[22m
[2m  }[22m

[36m [2mÔØ»[22m 
tests/unit/actions/vendor-action.test.ts:[2m323:22[22m[39m
    [90m321|[39m     [34mit[39m([32m"returns error when vendorId is 
empty"[39m[33m,[39m [35masync[39m () [33m=>[39m {
    [90m322|[39m       [35mconst[39m result [33m=[39m [35mawait[39m 
[34mvoidVendorAccessCodeAction[39m([32m""[39m)[33m;[39m
    [90m323|[39m       expect(result).toEqual({ ok: false, error: "Vendor ID 
is requireÔÇª
    [90m   |[39m                      [31m^[39m
    [90m324|[39m     })[33m;[39m
    [90m325|[39m

[31m[2mÔÄ»ÔÄ»ÔÄ»ÔÄ»ÔÄ»ÔÄ»ÔÄ»ÔÄ»ÔÄ»ÔÄ»ÔÄ»ÔÄ»ÔÄ»ÔÄ»ÔÄ»ÔÄ»ÔÄ»ÔÄ»ÔÄ»ÔÄ»ÔÄ»ÔÄ»[34/
49]ÔÄ»[22m[39m

[41m[1m FAIL [22m[49m tests/unit/actions/vendor-action.test.ts[2m > 
[22mvendor actions[2m > [22mvoidVendorAccessCodeAction[2m > [22mclears 
access code fields, returns { ok: true }
[31m[1mTypeError[22m: AuditLogger.dataOp is not a function[39m
[36m [2mÔØ»[22m Module.voidVendorAccessCodeAction 
app/actions/vendor-actions.ts:[2m405:17[22m[39m
    [90m403|[39m       [35mreturn[39m { ok[33m:[39m 
[35mfalse[39m[33m,[39m error[33m:[39m [32m"Unauthorized."[39m 
}[33m;[39m
    [90m404|[39m     }
    [90m405|[39m     [33mAuditLogger[39m[33m.[39m[34mdataOp[39m([32m"v
endor.access_code_voided"[39m[33m,[39m [32m"failure"[39m[33m,[39m {
    [90m   |[39m                 [31m^[39m
    [90m406|[39m       userId[33m:[39m session[33m.[39muserId[33m,[39m
    [90m407|[39m       entityType[33m:[39m [32m"Vendor"[39m[33m,[39m
[90m [2mÔØ»[22m 
tests/unit/actions/vendor-action.test.ts:[2m337:22[22m[39m

[31m[2mÔÄ»ÔÄ»ÔÄ»ÔÄ»ÔÄ»ÔÄ»ÔÄ»ÔÄ»ÔÄ»ÔÄ»ÔÄ»ÔÄ»ÔÄ»ÔÄ»ÔÄ»ÔÄ»ÔÄ»ÔÄ»ÔÄ»ÔÄ»ÔÄ»ÔÄ»[35/
49]ÔÄ»[22m[39m

[41m[1m FAIL [22m[49m tests/unit/actions/vendor-action.test.ts[2m > 
[22mvendor actions[2m > [22mvoidVendorAccessCodeAction[2m > [22mclears 
passwordHash/inviteSentAt when isFirstLogin=true
[31m[1mTypeError[22m: AuditLogger.dataOp is not a function[39m
[36m [2mÔØ»[22m Module.voidVendorAccessCodeAction 
app/actions/vendor-actions.ts:[2m405:17[22m[39m
    [90m403|[39m       [35mreturn[39m { ok[33m:[39m 
[35mfalse[39m[33m,[39m error[33m:[39m [32m"Unauthorized."[39m 
}[33m;[39m
    [90m404|[39m     }
    [90m405|[39m     [33mAuditLogger[39m[33m.[39m[34mdataOp[39m([32m"v
endor.access_code_voided"[39m[33m,[39m [32m"failure"[39m[33m,[39m {
    [90m   |[39m                 [31m^[39m
    [90m406|[39m       userId[33m:[39m session[33m.[39muserId[33m,[39m
    [90m407|[39m       entityType[33m:[39m [32m"Vendor"[39m[33m,[39m
[90m [2mÔØ»[22m tests/unit/actions/vendor-action.test.ts:[2m362:7[22m[39m

[31m[2mÔÄ»ÔÄ»ÔÄ»ÔÄ»ÔÄ»ÔÄ»ÔÄ»ÔÄ»ÔÄ»ÔÄ»ÔÄ»ÔÄ»ÔÄ»ÔÄ»ÔÄ»ÔÄ»ÔÄ»ÔÄ»ÔÄ»ÔÄ»ÔÄ»ÔÄ»[36/
49]ÔÄ»[22m[39m

[41m[1m FAIL [22m[49m tests/unit/actions/vendor-action.test.ts[2m > 
[22mvendor actions[2m > [22mdeleteVendorAction[2m > [22mreturns error 
when vendor not found
[31m[1mTypeError[22m: AuditLogger.dataOp is not a function[39m
[36m [2mÔØ»[22m Module.deleteVendorAction 
app/actions/vendor-actions.ts:[2m480:17[22m[39m
    [90m478|[39m       [35mreturn[39m { ok[33m:[39m 
[35mfalse[39m[33m,[39m error[33m:[39m [32m"Unauthorized."[39m 
}[33m;[39m
    [90m479|[39m     }
    [90m480|[39m     [33mAuditLogger[39m[33m.[39m[34mdataOp[39m([32m"v
endor.deleted"[39m[33m,[39m [32m"failure"[39m[33m,[39m {
    [90m   |[39m                 [31m^[39m
    [90m481|[39m       userId[33m:[39m session[33m.[39muserId[33m,[39m
    [90m482|[39m       entityType[33m:[39m [32m"Vendor"[39m[33m,[39m
[90m [2mÔØ»[22m 
tests/unit/actions/vendor-action.test.ts:[2m379:22[22m[39m

[31m[2mÔÄ»ÔÄ»ÔÄ»ÔÄ»ÔÄ»ÔÄ»ÔÄ»ÔÄ»ÔÄ»ÔÄ»ÔÄ»ÔÄ»ÔÄ»ÔÄ»ÔÄ»ÔÄ»ÔÄ»ÔÄ»ÔÄ»ÔÄ»ÔÄ»ÔÄ»[37/
49]ÔÄ»[22m[39m

[41m[1m FAIL [22m[49m tests/unit/actions/vendor-action.test.ts[2m > 
[22mvendor actions[2m > [22mdeleteVendorAction[2m > [22mdeletes vendor 
and logs audit event
[31m[1mTypeError[22m: AuditLogger.dataOp is not a function[39m
[36m [2mÔØ»[22m Module.deleteVendorAction 
app/actions/vendor-actions.ts:[2m480:17[22m[39m
    [90m478|[39m       [35mreturn[39m { ok[33m:[39m 
[35mfalse[39m[33m,[39m error[33m:[39m [32m"Unauthorized."[39m 
}[33m;[39m
    [90m479|[39m     }
    [90m480|[39m     [33mAuditLogger[39m[33m.[39m[34mdataOp[39m([32m"v
endor.deleted"[39m[33m,[39m [32m"failure"[39m[33m,[39m {
    [90m   |[39m                 [31m^[39m
    [90m481|[39m       userId[33m:[39m session[33m.[39muserId[33m,[39m
    [90m482|[39m       entityType[33m:[39m [32m"Vendor"[39m[33m,[39m
[90m [2mÔØ»[22m 
tests/unit/actions/vendor-action.test.ts:[2m394:22[22m[39m

[31m[2mÔÄ»ÔÄ»ÔÄ»ÔÄ»ÔÄ»ÔÄ»ÔÄ»ÔÄ»ÔÄ»ÔÄ»ÔÄ»ÔÄ»ÔÄ»ÔÄ»ÔÄ»ÔÄ»ÔÄ»ÔÄ»ÔÄ»ÔÄ»ÔÄ»ÔÄ»[38/
49]ÔÄ»[22m[39m

[41m[1m FAIL [22m[49m tests/unit/actions/vendor-auth-action.test.ts[2m > 
[22mvendor-auth actions[2m > [22mauthenticateVendorAccessCode[2m > 
[22mreturns error and registers failure when accessCode is empty
[31m[1mAssertionError[22m: expected "vi.fn()" to be called with arguments: 
[ 'vpi:127.0.0.1', Any<Object> ][90m

Received:

[1m  1st vi.fn() call:

[22m[2m  [[22m
[2m    "vpi:127.0.0.1",[22m
[32m-   Any<Object>,[90m
[2m  ][22m

[1m  2nd vi.fn() call:

[22m[2m  [[22m
[32m-   "vpi:127.0.0.1",[90m
[32m-   Any<Object>,[90m
[31m+   "vpc:EMPTY",[90m
[31m+   {[90m
[31m+     "blockMs": 600000,[90m
[31m+     "maxFailures": 5,[90m
[31m+   },[90m
[2m  ][22m
[31m[90m

Number of calls: [1m2[22m
[31m[39m
[36m [2mÔØ»[22m 
tests/unit/actions/vendor-auth-action.test.ts:[2m222:35[22m[39m
    [90m220|[39m       [35mconst[39m result [33m=[39m [35mawait[39m 
[34mauthenticateVendorAccessCode[39m([35mnull[39m[33m,[39m fd)[33m;[39m
    [90m221|[39m       
[34mexpect[39m(result)[33m.[39m[34mtoEqual[39m({ error[33m:[39m 
[32m"Invalid credentials."[39m })[33m;[39m
    [90m222|[39m       
[34mexpect[39m(mockRegisterFailure)[33m.[39m[34mtoHaveBeenCalledWith[39m(
    [90m   |[39m                                   [31m^[39m
    [90m223|[39m         [32m"vpi:127.0.0.1"[39m[33m,[39m
    [90m224|[39m         expect[33m.[39m[34many[39m([33mObject[39m)

[31m[2mÔÄ»ÔÄ»ÔÄ»ÔÄ»ÔÄ»ÔÄ»ÔÄ»ÔÄ»ÔÄ»ÔÄ»ÔÄ»ÔÄ»ÔÄ»ÔÄ»ÔÄ»ÔÄ»ÔÄ»ÔÄ»ÔÄ»ÔÄ»ÔÄ»ÔÄ»[39/
49]ÔÄ»[22m[39m

[41m[1m FAIL [22m[49m tests/unit/actions/vendor-auth-action.test.ts[2m > 
[22mvendor-auth actions[2m > [22mauthenticateVendorAccessCode[2m > 
[22mreturns error and registers failure when password is empty
[31m[1mAssertionError[22m: expected "vi.fn()" to be called with arguments: 
[ 'vpi:127.0.0.1', Any<Object> ][90m

Received:

[1m  1st vi.fn() call:

[22m[2m  [[22m
[2m    "vpi:127.0.0.1",[22m
[32m-   Any<Object>,[90m
[2m  ][22m

[1m  2nd vi.fn() call:

[22m[2m  [[22m
[32m-   "vpi:127.0.0.1",[90m
[32m-   Any<Object>,[90m
[31m+   "vpc:ABCD1234",[90m
[31m+   {[90m
[31m+     "blockMs": 600000,[90m
[31m+     "maxFailures": 5,[90m
[31m+   },[90m
[2m  ][22m
[31m[90m

Number of calls: [1m2[22m
[31m[39m
[36m [2mÔØ»[22m 
tests/unit/actions/vendor-auth-action.test.ts:[2m239:35[22m[39m
    [90m237|[39m       [35mconst[39m result [33m=[39m [35mawait[39m 
[34mauthenticateVendorAccessCode[39m([35mnull[39m[33m,[39m fd)[33m;[39m
    [90m238|[39m       
[34mexpect[39m(result)[33m.[39m[34mtoEqual[39m({ error[33m:[39m 
[32m"Invalid credentials."[39m })[33m;[39m
    [90m239|[39m       
[34mexpect[39m(mockRegisterFailure)[33m.[39m[34mtoHaveBeenCalledWith[39m(
    [90m   |[39m                                   [31m^[39m
    [90m240|[39m         [32m"vpi:127.0.0.1"[39m[33m,[39m
    [90m241|[39m         expect[33m.[39m[34many[39m([33mObject[39m)

[31m[2mÔÄ»ÔÄ»ÔÄ»ÔÄ»ÔÄ»ÔÄ»ÔÄ»ÔÄ»ÔÄ»ÔÄ»ÔÄ»ÔÄ»ÔÄ»ÔÄ»ÔÄ»ÔÄ»ÔÄ»ÔÄ»ÔÄ»ÔÄ»ÔÄ»ÔÄ»[40/
49]ÔÄ»[22m[39m

[41m[1m FAIL [22m[49m tests/unit/actions/vendor-auth-action.test.ts[2m > 
[22mvendor-auth actions[2m > [22mauthenticateVendorAccessCode[2m > 
[22mnormalizes access code: strips spaces and hyphens, uppercases
[31m[1mAssertionError[22m: promise resolved "{ error: 'Invalid 
credentials.' }" instead of rejecting[39m

[32m- Expected[39m
[31m+ Received[39m

[32m- Error {[39m
[32m-   "message": "rejected promise",[39m
[31m+ {[39m
[31m+   "error": "Invalid credentials.",[39m
[2m  }[22m

[36m [2mÔØ»[22m 
tests/unit/actions/vendor-auth-action.test.ts:[2m263:8[22m[39m
    [90m261|[39m       [35mawait[39m [34mexpect[39m(
    [90m262|[39m         
[34mauthenticateVendorAccessCode[39m([35mnull[39m[33m,[39m fd)
    [90m263|[39m       
)[33m.[39mrejects[33m.[39m[34mtoMatchObject[39m({
    [90m   |[39m        [31m^[39m
    [90m264|[39m         message[33m:[39m 
[32m"NEXT_REDIRECT"[39m[33m,[39m
    [90m265|[39m       })[33m;[39m

[31m[2mÔÄ»ÔÄ»ÔÄ»ÔÄ»ÔÄ»ÔÄ»ÔÄ»ÔÄ»ÔÄ»ÔÄ»ÔÄ»ÔÄ»ÔÄ»ÔÄ»ÔÄ»ÔÄ»ÔÄ»ÔÄ»ÔÄ»ÔÄ»ÔÄ»ÔÄ»[41/
49]ÔÄ»[22m[39m

[41m[1m FAIL [22m[49m tests/unit/actions/vendor-auth-action.test.ts[2m > 
[22mvendor-auth actions[2m > [22mauthenticateVendorAccessCode[2m > 
[22mreturns error when vendor not found
[31m[1mAssertionError[22m: expected "vi.fn()" to be called with arguments: 
[ 'vpi:127.0.0.1', Any<Object> ][90m

Received:

[1m  1st vi.fn() call:

[22m[2m  [[22m
[2m    "vpi:127.0.0.1",[22m
[32m-   Any<Object>,[90m
[2m  ][22m

[1m  2nd vi.fn() call:

[22m[2m  [[22m
[32m-   "vpi:127.0.0.1",[90m
[32m-   Any<Object>,[90m
[31m+   "vpc:ABCD1234",[90m
[31m+   {[90m
[31m+     "blockMs": 600000,[90m
[31m+     "maxFailures": 5,[90m
[31m+   },[90m
[2m  ][22m
[31m[90m

Number of calls: [1m2[22m
[31m[39m
[36m [2mÔØ»[22m 
tests/unit/actions/vendor-auth-action.test.ts:[2m283:35[22m[39m
    [90m281|[39m       [35mconst[39m result [33m=[39m [35mawait[39m 
[34mauthenticateVendorAccessCode[39m([35mnull[39m[33m,[39m fd)[33m;[39m
    [90m282|[39m       
[34mexpect[39m(result)[33m.[39m[34mtoEqual[39m({ error[33m:[39m 
[32m"Invalid credentials."[39m })[33m;[39m
    [90m283|[39m       
[34mexpect[39m(mockRegisterFailure)[33m.[39m[34mtoHaveBeenCalledWith[39m(
    [90m   |[39m                                   [31m^[39m
    [90m284|[39m         [32m"vpi:127.0.0.1"[39m[33m,[39m
    [90m285|[39m         expect[33m.[39m[34many[39m([33mObject[39m)

[31m[2mÔÄ»ÔÄ»ÔÄ»ÔÄ»ÔÄ»ÔÄ»ÔÄ»ÔÄ»ÔÄ»ÔÄ»ÔÄ»ÔÄ»ÔÄ»ÔÄ»ÔÄ»ÔÄ»ÔÄ»ÔÄ»ÔÄ»ÔÄ»ÔÄ»ÔÄ»[42/
49]ÔÄ»[22m[39m

[41m[1m FAIL [22m[49m tests/unit/actions/vendor-auth-action.test.ts[2m > 
[22mvendor-auth actions[2m > [22mauthenticateVendorAccessCode[2m > 
[22mexpires access code and clears invite state when isFirstLogin=true
[31m[1mAssertionError[22m: expected { error: 'Invalid credentials.' } to 
deeply equal { Object (error) }[39m

[32m- Expected[39m
[31m+ Received[39m

[2m  {[22m
[32m-   "error": "This access code has expired. Please request a new 
one.",[39m
[31m+   "error": "Invalid credentials.",[39m
[2m  }[22m

[36m [2mÔØ»[22m 
tests/unit/actions/vendor-auth-action.test.ts:[2m304:22[22m[39m
    [90m302|[39m       })[33m;[39m
    [90m303|[39m       [35mconst[39m result [33m=[39m [35mawait[39m 
[34mauthenticateVendorAccessCode[39m([35mnull[39m[33m,[39m fd)[33m;[39m
    [90m304|[39m       [34mexpect[39m(result)[33m.[39m[34mtoEqual[39m({
    [90m   |[39m                      [31m^[39m
    [90m305|[39m         error: "This access code has expired. Please 
request a new oneÔÇª
    [90m306|[39m       })[33m;[39m

[31m[2mÔÄ»ÔÄ»ÔÄ»ÔÄ»ÔÄ»ÔÄ»ÔÄ»ÔÄ»ÔÄ»ÔÄ»ÔÄ»ÔÄ»ÔÄ»ÔÄ»ÔÄ»ÔÄ»ÔÄ»ÔÄ»ÔÄ»ÔÄ»ÔÄ»ÔÄ»[43/
49]ÔÄ»[22m[39m

[41m[1m FAIL [22m[49m tests/unit/actions/vendor-auth-action.test.ts[2m > 
[22mvendor-auth actions[2m > [22mauthenticateVendorAccessCode[2m > 
[22mexpires access code without clearing invite state when isFirstLogin=false
[31m[1mAssertionError[22m: expected { error: 'Invalid credentials.' } to 
deeply equal { Object (error) }[39m

[32m- Expected[39m
[31m+ Received[39m

[2m  {[22m
[32m-   "error": "This access code has expired. Please request a new 
one.",[39m
[31m+   "error": "Invalid credentials.",[39m
[2m  }[22m

[36m [2mÔØ»[22m 
tests/unit/actions/vendor-auth-action.test.ts:[2m329:22[22m[39m
    [90m327|[39m       })[33m;[39m
    [90m328|[39m       [35mconst[39m result [33m=[39m [35mawait[39m 
[34mauthenticateVendorAccessCode[39m([35mnull[39m[33m,[39m fd)[33m;[39m
    [90m329|[39m       [34mexpect[39m(result)[33m.[39m[34mtoEqual[39m({
    [90m   |[39m                      [31m^[39m
    [90m330|[39m         error: "This access code has expired. Please 
request a new oneÔÇª
    [90m331|[39m       })[33m;[39m

[31m[2mÔÄ»ÔÄ»ÔÄ»ÔÄ»ÔÄ»ÔÄ»ÔÄ»ÔÄ»ÔÄ»ÔÄ»ÔÄ»ÔÄ»ÔÄ»ÔÄ»ÔÄ»ÔÄ»ÔÄ»ÔÄ»ÔÄ»ÔÄ»ÔÄ»ÔÄ»[44/
49]ÔÄ»[22m[39m

[41m[1m FAIL [22m[49m tests/unit/actions/vendor-auth-action.test.ts[2m > 
[22mvendor-auth actions[2m > [22mauthenticateVendorAccessCode[2m > 
[22mreturns pending setup error when passwordHash is null and setup token is 
valid
[31m[1mAssertionError[22m: expected { error: 'Invalid credentials.' } to 
deeply equal { error: 'PENDING_SETUP', ÔÇª(2) }[39m

[32m- Expected[39m
[31m+ Received[39m

[2m  {[22m
[32m-   "email": "vendor@example.com",[39m
[32m-   "error": "PENDING_SETUP",[39m
[32m-   "setupToken": Any<String>,[39m
[31m+   "error": "Invalid credentials.",[39m
[2m  }[22m

[36m [2mÔØ»[22m 
tests/unit/actions/vendor-auth-action.test.ts:[2m355:22[22m[39m
    [90m353|[39m       })[33m;[39m
    [90m354|[39m       [35mconst[39m result [33m=[39m [35mawait[39m 
[34mauthenticateVendorAccessCode[39m([35mnull[39m[33m,[39m fd)[33m;[39m
    [90m355|[39m       [34mexpect[39m(result)[33m.[39m[34mtoEqual[39m({
    [90m   |[39m                      [31m^[39m
    [90m356|[39m         error[33m:[39m 
[32m"PENDING_SETUP"[39m[33m,[39m
    [90m357|[39m         setupToken[33m:[39m 
expect[33m.[39m[34many[39m([33mString[39m)[33m,[39m

[31m[2mÔÄ»ÔÄ»ÔÄ»ÔÄ»ÔÄ»ÔÄ»ÔÄ»ÔÄ»ÔÄ»ÔÄ»ÔÄ»ÔÄ»ÔÄ»ÔÄ»ÔÄ»ÔÄ»ÔÄ»ÔÄ»ÔÄ»ÔÄ»ÔÄ»ÔÄ»[45/
49]ÔÄ»[22m[39m

[41m[1m FAIL [22m[49m tests/unit/actions/vendor-auth-action.test.ts[2m > 
[22mvendor-auth actions[2m > [22mauthenticateVendorAccessCode[2m > 
[22mreturns error and registers failure when password is wrong
[31m[1mAssertionError[22m: expected "vi.fn()" to be called with arguments: 
[ 'vpi:127.0.0.1', Any<Object> ][90m

Received:

[1m  1st vi.fn() call:

[22m[2m  [[22m
[2m    "vpi:127.0.0.1",[22m
[32m-   Any<Object>,[90m
[2m  ][22m

[1m  2nd vi.fn() call:

[22m[2m  [[22m
[32m-   "vpi:127.0.0.1",[90m

[2m Test Files [22m [1m[31m5 failed[39m[22m[90m (5)[39m
[2m      Tests [22m [1m[31m49 failed[39m[22m[2m | [22m[1m[32m26 passed[39m[22m[90m (75)[39m
[2m   Start at [22m 10:27:46
[2m   Duration [22m 42.82s[2m (transform 399ms, setup 0ms, import 1.28s, tests 42.51s, environment 0ms)[22m

[32m-   Any<Object>,[90m
[31m+   "vpc:ABCD1234",[90m
[31m+   {[90m
[31m+     "blockMs": 600000,[90m
[31m+     "maxFailures": 5,[90m
[31m+   },[90m
[2m  ][22m
[31m[90m

Number of calls: [1m2[22m
[31m[39m
[36m [2mÔØ»[22m 
tests/unit/actions/vendor-auth-action.test.ts:[2m385:35[22m[39m
    [90m383|[39m       [35mconst[39m result [33m=[39m [35mawait[39m 
[34mauthenticateVendorAccessCode[39m([35mnull[39m[33m,[39m fd)[33m;[39m
    [90m384|[39m       
[34mexpect[39m(result)[33m.[39m[34mtoEqual[39m({ error[33m:[39m 
[32m"Invalid credentials."[39m })[33m;[39m
    [90m385|[39m       
[34mexpect[39m(mockRegisterFailure)[33m.[39m[34mtoHaveBeenCalledWith[39m(
    [90m   |[39m                                   [31m^[39m
    [90m386|[39m         [32m"vpi:127.0.0.1"[39m[33m,[39m
    [90m387|[39m         expect[33m.[39m[34many[39m([33mObject[39m)

[31m[2mÔÄ»ÔÄ»ÔÄ»ÔÄ»ÔÄ»ÔÄ»ÔÄ»ÔÄ»ÔÄ»ÔÄ»ÔÄ»ÔÄ»ÔÄ»ÔÄ»ÔÄ»ÔÄ»ÔÄ»ÔÄ»ÔÄ»ÔÄ»ÔÄ»ÔÄ»[46/
49]ÔÄ»[22m[39m

[41m[1m FAIL [22m[49m tests/unit/actions/vendor-auth-action.test.ts[2m > 
[22mvendor-auth actions[2m > [22mauthenticateVendorAccessCode[2m > 
[22mredirects to vendor mfa-verify when linked user has MFA enabled
[31m[1mAssertionError[22m: promise resolved "{ error: 'Invalid 
credentials.' }" instead of rejecting[39m

[32m- Expected[39m
[31m+ Received[39m

[32m- Error {[39m
[32m-   "message": "rejected promise",[39m
[31m+ {[39m
[31m+   "error": "Invalid credentials.",[39m
[2m  }[22m

[36m [2mÔØ»[22m 
tests/unit/actions/vendor-auth-action.test.ts:[2m406:8[22m[39m
    [90m404|[39m       [35mawait[39m [34mexpect[39m(
    [90m405|[39m         
[34mauthenticateVendorAccessCode[39m([35mnull[39m[33m,[39m fd)
    [90m406|[39m       
)[33m.[39mrejects[33m.[39m[34mtoMatchObject[39m({
    [90m   |[39m        [31m^[39m
    [90m407|[39m         message[33m:[39m 
[32m"NEXT_REDIRECT"[39m[33m,[39m
    [90m408|[39m         url[33m:[39m 
[32m"/en/vendor-auth/mfa-verify"[39m[33m,[39m

[31m[2mÔÄ»ÔÄ»ÔÄ»ÔÄ»ÔÄ»ÔÄ»ÔÄ»ÔÄ»ÔÄ»ÔÄ»ÔÄ»ÔÄ»ÔÄ»ÔÄ»ÔÄ»ÔÄ»ÔÄ»ÔÄ»ÔÄ»ÔÄ»ÔÄ»ÔÄ»[47/
49]ÔÄ»[22m[39m

[41m[1m FAIL [22m[49m tests/unit/actions/vendor-auth-action.test.ts[2m > 
[22mvendor-auth actions[2m > [22mauthenticateVendorAccessCode[2m > 
[22mredirects to mfa-setup when needsSetup is true
[31m[1mAssertionError[22m: promise resolved "{ error: 'Invalid 
credentials.' }" instead of rejecting[39m

[32m- Expected[39m
[31m+ Received[39m

[32m- Error {[39m
[32m-   "message": "rejected promise",[39m
[31m+ {[39m
[31m+   "error": "Invalid credentials.",[39m
[2m  }[22m

[36m [2mÔØ»[22m 
tests/unit/actions/vendor-auth-action.test.ts:[2m428:8[22m[39m
    [90m426|[39m       [35mawait[39m [34mexpect[39m(
    [90m427|[39m         
[34mauthenticateVendorAccessCode[39m([35mnull[39m[33m,[39m fd)
    [90m428|[39m       
)[33m.[39mrejects[33m.[39m[34mtoMatchObject[39m({
    [90m   |[39m        [31m^[39m
    [90m429|[39m         message[33m:[39m 
[32m"NEXT_REDIRECT"[39m[33m,[39m
    [90m430|[39m         url[33m:[39m 
[32m"/en/auth/mfa-setup-required"[39m[33m,[39m

[31m[2mÔÄ»ÔÄ»ÔÄ»ÔÄ»ÔÄ»ÔÄ»ÔÄ»ÔÄ»ÔÄ»ÔÄ»ÔÄ»ÔÄ»ÔÄ»ÔÄ»ÔÄ»ÔÄ»ÔÄ»ÔÄ»ÔÄ»ÔÄ»ÔÄ»ÔÄ»[48/
49]ÔÄ»[22m[39m

[41m[1m FAIL [22m[49m tests/unit/actions/vendor-auth-action.test.ts[2m > 
[22mvendor-auth actions[2m > [22mauthenticateVendorAccessCode[2m > [22mon 
successful login: resets failures, updates vendor, creates session, redirects
[31m[1mAssertionError[22m: promise resolved "{ error: 'Invalid 
credentials.' }" instead of rejecting[39m

[32m- Expected[39m
[31m+ Received[39m

[32m- Error {[39m
[32m-   "message": "rejected promise",[39m
[31m+ {[39m
[31m+   "error": "Invalid credentials.",[39m
[2m  }[22m

[36m [2mÔØ»[22m 
tests/unit/actions/vendor-auth-action.test.ts:[2m456:8[22m[39m
    [90m454|[39m       [35mawait[39m [34mexpect[39m(
    [90m455|[39m         
[34mauthenticateVendorAccessCode[39m([35mnull[39m[33m,[39m fd)
    [90m456|[39m       
)[33m.[39mrejects[33m.[39m[34mtoMatchObject[39m({
    [90m   |[39m        [31m^[39m
    [90m457|[39m         message[33m:[39m 
[32m"NEXT_REDIRECT"[39m[33m,[39m
    [90m458|[39m       })[33m;[39m

[31m[2mÔÄ»ÔÄ»ÔÄ»ÔÄ»ÔÄ»ÔÄ»ÔÄ»ÔÄ»ÔÄ»ÔÄ»ÔÄ»ÔÄ»ÔÄ»ÔÄ»ÔÄ»ÔÄ»ÔÄ»ÔÄ»ÔÄ»ÔÄ»ÔÄ»ÔÄ»[49/
49]ÔÄ»[22m[39m

